Component: ARM Compiler 5.06 update 6 (build 750) Tool: armlink [4d35ed]

==============================================================================

Section Cross References

    startup_stm32f10x_hd.o(RESET) refers to startup_stm32f10x_hd.o(STACK) for __initial_sp
    startup_stm32f10x_hd.o(RESET) refers to startup_stm32f10x_hd.o(.text) for Reset_Handler
    startup_stm32f10x_hd.o(RESET) refers to stm32f10x_it.o(i.NMI_Handler) for NMI_Handler
    startup_stm32f10x_hd.o(RESET) refers to stm32f10x_it.o(i.HardFault_Handler) for HardFault_Handler
    startup_stm32f10x_hd.o(RESET) refers to stm32f10x_it.o(i.MemManage_Handler) for MemManage_Handler
    startup_stm32f10x_hd.o(RESET) refers to stm32f10x_it.o(i.BusFault_Handler) for BusFault_Handler
    startup_stm32f10x_hd.o(RESET) refers to stm32f10x_it.o(i.UsageFault_Handler) for UsageFault_Handler
    startup_stm32f10x_hd.o(RESET) refers to stm32f10x_it.o(i.SVC_Handler) for SVC_Handler
    startup_stm32f10x_hd.o(RESET) refers to stm32f10x_it.o(i.DebugMon_Handler) for DebugMon_Handler
    startup_stm32f10x_hd.o(RESET) refers to stm32f10x_it.o(i.PendSV_Handler) for PendSV_Handler
    startup_stm32f10x_hd.o(RESET) refers to stm32f10x_it.o(i.SysTick_Handler) for SysTick_Handler
    startup_stm32f10x_hd.o(RESET) refers to exti.o(i.EXTI0_IRQHandler) for EXTI0_IRQHandler
    startup_stm32f10x_hd.o(RESET) refers to exti.o(i.EXTI1_IRQHandler) for EXTI1_IRQHandler
    startup_stm32f10x_hd.o(RESET) refers to exti.o(i.EXTI2_IRQHandler) for EXTI2_IRQHandler
    startup_stm32f10x_hd.o(RESET) refers to input_capture.o(i.TIM2_IRQHandler) for TIM2_IRQHandler
    startup_stm32f10x_hd.o(RESET) refers to encoder.o(i.TIM4_IRQHandler) for TIM4_IRQHandler
    startup_stm32f10x_hd.o(RESET) refers to usart.o(i.USART1_IRQHandler) for USART1_IRQHandler
    startup_stm32f10x_hd.o(RESET) refers to usart.o(i.USART2_IRQHandler) for USART2_IRQHandler
    startup_stm32f10x_hd.o(RESET) refers to usart.o(i.USART3_IRQHandler) for USART3_IRQHandler
    startup_stm32f10x_hd.o(RESET) refers to exti.o(i.EXTI15_10_IRQHandler) for EXTI15_10_IRQHandler
    startup_stm32f10x_hd.o(RESET) refers to usart.o(i.UART4_IRQHandler) for UART4_IRQHandler
    startup_stm32f10x_hd.o(RESET) refers to usart.o(i.UART5_IRQHandler) for UART5_IRQHandler
    startup_stm32f10x_hd.o(.text) refers to system_stm32f10x.o(i.SystemInit) for SystemInit
    startup_stm32f10x_hd.o(.text) refers to entry.o(.ARM.Collect$$$$00000000) for __main
    system_stm32f10x.o(i.SetSysClock) refers to system_stm32f10x.o(i.SetSysClockTo72) for SetSysClockTo72
    system_stm32f10x.o(i.SystemCoreClockUpdate) refers to system_stm32f10x.o(.data) for SystemCoreClock
    system_stm32f10x.o(i.SystemInit) refers to system_stm32f10x.o(i.SetSysClock) for SetSysClock
    stm32f10x_adc.o(i.ADC_DeInit) refers to stm32f10x_rcc.o(i.RCC_APB2PeriphResetCmd) for RCC_APB2PeriphResetCmd
    stm32f10x_bkp.o(i.BKP_DeInit) refers to stm32f10x_rcc.o(i.RCC_BackupResetCmd) for RCC_BackupResetCmd
    stm32f10x_can.o(i.CAN_DeInit) refers to stm32f10x_rcc.o(i.RCC_APB1PeriphResetCmd) for RCC_APB1PeriphResetCmd
    stm32f10x_can.o(i.CAN_GetITStatus) refers to stm32f10x_can.o(i.CheckITStatus) for CheckITStatus
    stm32f10x_cec.o(i.CEC_DeInit) refers to stm32f10x_rcc.o(i.RCC_APB1PeriphResetCmd) for RCC_APB1PeriphResetCmd
    stm32f10x_dac.o(i.DAC_DeInit) refers to stm32f10x_rcc.o(i.RCC_APB1PeriphResetCmd) for RCC_APB1PeriphResetCmd
    stm32f10x_flash.o(i.FLASH_EnableWriteProtection) refers to stm32f10x_flash.o(i.FLASH_WaitForLastOperation) for FLASH_WaitForLastOperation
    stm32f10x_flash.o(i.FLASH_EraseAllBank1Pages) refers to stm32f10x_flash.o(i.FLASH_WaitForLastBank1Operation) for FLASH_WaitForLastBank1Operation
    stm32f10x_flash.o(i.FLASH_EraseAllPages) refers to stm32f10x_flash.o(i.FLASH_WaitForLastOperation) for FLASH_WaitForLastOperation
    stm32f10x_flash.o(i.FLASH_EraseOptionBytes) refers to stm32f10x_flash.o(i.FLASH_GetReadOutProtectionStatus) for FLASH_GetReadOutProtectionStatus
    stm32f10x_flash.o(i.FLASH_EraseOptionBytes) refers to stm32f10x_flash.o(i.FLASH_WaitForLastOperation) for FLASH_WaitForLastOperation
    stm32f10x_flash.o(i.FLASH_ErasePage) refers to stm32f10x_flash.o(i.FLASH_WaitForLastOperation) for FLASH_WaitForLastOperation
    stm32f10x_flash.o(i.FLASH_ProgramHalfWord) refers to stm32f10x_flash.o(i.FLASH_WaitForLastOperation) for FLASH_WaitForLastOperation
    stm32f10x_flash.o(i.FLASH_ProgramOptionByteData) refers to stm32f10x_flash.o(i.FLASH_WaitForLastOperation) for FLASH_WaitForLastOperation
    stm32f10x_flash.o(i.FLASH_ProgramWord) refers to stm32f10x_flash.o(i.FLASH_WaitForLastOperation) for FLASH_WaitForLastOperation
    stm32f10x_flash.o(i.FLASH_ReadOutProtection) refers to stm32f10x_flash.o(i.FLASH_WaitForLastOperation) for FLASH_WaitForLastOperation
    stm32f10x_flash.o(i.FLASH_UserOptionByteConfig) refers to stm32f10x_flash.o(i.FLASH_WaitForLastOperation) for FLASH_WaitForLastOperation
[...]

476 unused section(s) (total 24692 bytes) removed from the image.

==============================================================================

Image Symbol Table

    Local Symbols

    Symbol Name                              Value     Ov Type        Size  Object(Section)

    ../clib/microlib/ctype/ctype.c           0x00000000   Number         0  isalnum_o.o ABSOLUTE
    ../clib/microlib/ctype/ctype.c           0x00000000   Number         0  ispunct_o.o ABSOLUTE
    ../clib/microlib/ctype/ctype.c           0x00000000   Number         0  isspace_o.o ABSOLUTE
    ../clib/microlib/ctype/ctype.c           0x00000000   Number         0  isdigit_o.o ABSOLUTE
    ../clib/microlib/ctype/ctype.c           0x00000000   Number         0  isxdigit_o.o ABSOLUTE
    ../clib/microlib/ctype/ctype.c           0x00000000   Number         0  isblank_o.o ABSOLUTE
    ../clib/microlib/ctype/ctype.c           0x00000000   Number         0  isupper_o.o ABSOLUTE
    ../clib/microlib/ctype/ctype.c           0x00000000   Number         0  isprint_o.o ABSOLUTE
    ../clib/microlib/ctype/ctype.c           0x00000000   Number         0  islower_o.o ABSOLUTE
    ../clib/microlib/ctype/ctype.c           0x00000000   Number         0  isalpha_o.o ABSOLUTE
    ../clib/microlib/ctype/ctype.c           0x00000000   Number         0  iscntrl_o.o ABSOLUTE
    ../clib/microlib/ctype/ctype.c           0x00000000   Number         0  isgraph_o.o ABSOLUTE
    ../clib/microlib/ctype/ctype.c           0x00000000   Number         0  ctype_o.o ABSOLUTE
    ../clib/microlib/errno.c                 0x00000000   Number         0  errno.o ABSOLUTE
    ../clib/microlib/init/entry.s            0x00000000   Number         0  entry11a.o ABSOLUTE
    ../clib/microlib/init/entry.s            0x00000000   Number         0  entry5.o ABSOLUTE
    ../clib/microlib/init/entry.s            0x00000000   Number         0  entry7b.o ABSOLUTE
    ../clib/microlib/init/entry.s            0x00000000   Number         0  entry11b.o ABSOLUTE
    ../clib/microlib/init/entry.s            0x00000000   Number         0  entry.o ABSOLUTE
    ../clib/microlib/init/entry.s            0x00000000   Number         0  entry2.o ABSOLUTE
    ../clib/microlib/init/entry.s            0x00000000   Number         0  entry10b.o ABSOLUTE
    ../clib/microlib/init/entry.s            0x00000000   Number         0  entry10a.o ABSOLUTE
    ../clib/microlib/init/entry.s            0x00000000   Number         0  entry9b.o ABSOLUTE
    ../clib/microlib/init/entry.s            0x00000000   Number         0  entry9a.o ABSOLUTE
    ../clib/microlib/init/entry.s            0x00000000   Number         0  entry8b.o ABSOLUTE
    ../clib/microlib/init/entry.s            0x00000000   Number         0  entry8a.o ABSOLUTE
    ../clib/microlib/init/entry.s            0x00000000   Number         0  entry7a.o ABSOLUTE
    ../clib/microlib/longlong.c              0x00000000   Number         0  llsshr.o ABSOLUTE
    ../clib/microlib/longlong.c              0x00000000   Number         0  llushr.o ABSOLUTE
    ../clib/microlib/longlong.c              0x00000000   Number         0  llshl.o ABSOLUTE
    ../clib/microlib/string/memcpy.c         0x00000000   Number         0  memcpya.o ABSOLUTE
    ../clib/microlib/string/memcpy.c         0x00000000   Number         0  memcpyb.o ABSOLUTE
    ../clib/microlib/string/memset.c         0x00000000   Number         0  memseta.o ABSOLUTE
    ../clib/microlib/string/strcmp.c         0x00000000   Number         0  strcmp.o ABSOLUTE
    ../clib/microlib/string/strlen.c         0x00000000   Number         0  strlen.o ABSOLUTE
    ../clib/microlib/stubs.s                 0x00000000   Number         0  iusefp.o ABSOLUTE
    ../clib/microlib/time/localtime.c        0x00000000   Number         0  localtime_i.o ABSOLUTE
    ../clib/microlib/time/localtime.c        0x00000000   Number         0  localtime_w.o ABSOLUTE
    ../clib/microlib/time/mktime.c           0x00000000   Number         0  mktime.o ABSOLUTE
    ../clib/scanf.c                          0x00000000   Number         0  _strtoul.o ABSOLUTE
    ../clib/scanf.c                          0x00000000   Number         0  _chval.o ABSOLUTE
    ../clib/scanf.c                          0x00000000   Number         0  strtol.o ABSOLUTE
    ../fplib/microlib/d2f.c                  0x00000000   Number         0  d2f.o ABSOLUTE
    ../fplib/microlib/f2d.c                  0x00000000   Number         0  f2d.o ABSOLUTE
    ../fplib/microlib/fpadd.c                0x00000000   Number         0  dadd.o ABSOLUTE
    ../fplib/microlib/fpadd.c                0x00000000   Number         0  fadd.o ABSOLUTE
    ../fplib/microlib/fpdiv.c                0x00000000   Number         0  fdiv.o ABSOLUTE
    ../fplib/microlib/fpdiv.c                0x00000000   Number         0  ddiv.o ABSOLUTE
    ../fplib/microlib/fpepilogue.c           0x00000000   Number         0  fepilogue.o ABSOLUTE
    ../fplib/microlib/fpepilogue.c           0x00000000   Number         0  depilogue.o ABSOLUTE
    ../fplib/microlib/fpfix.c                0x00000000   Number         0  dfixi.o ABSOLUTE
    ../fplib/microlib/fpfix.c                0x00000000   Number         0  ffixui.o ABSOLUTE
    ../fplib/microlib/fpfix.c                0x00000000   Number         0  ffixi.o ABSOLUTE
    ../fplib/microlib/fpflt.c                0x00000000   Number         0  dflti.o ABSOLUTE
    ../fplib/microlib/fpflt.c                0x00000000   Number         0  ffltui.o ABSOLUTE
    ../fplib/microlib/fpflt.c                0x00000000   Number         0  fflti.o ABSOLUTE
    ../fplib/microlib/fpmul.c                0x00000000   Number         0  fmul.o ABSOLUTE
    ../fplib/microlib/fpmul.c                0x00000000   Number         0  dmul.o ABSOLUTE
    ..\..\Libraries\CMSIS\core_cm3.c         0x00000000   Number         0  core_cm3.o ABSOLUTE
    ..\..\Libraries\CMSIS\startup\startup_stm32f10x_hd.s 0x00000000   Number         0  startup_stm32f10x_hd.o ABSOLUTE
    ..\..\Libraries\CMSIS\system_stm32f10x.c 0x00000000   Number         0  system_stm32f10x.o ABSOLUTE
    ..\..\Libraries\FWlib\src\misc.c         0x00000000   Number         0  misc.o ABSOLUTE
    ..\..\Libraries\FWlib\src\stm32f10x_adc.c 0x00000000   Number         0  stm32f10x_adc.o ABSOLUTE
    ..\..\Libraries\FWlib\src\stm32f10x_bkp.c 0x00000000   Number         0  stm32f10x_bkp.o ABSOLUTE
    ..\..\Libraries\FWlib\src\stm32f10x_can.c 0x00000000   Number         0  stm32f10x_can.o ABSOLUTE
    ..\..\Libraries\FWlib\src\stm32f10x_cec.c 0x00000000   Number         0  stm32f10x_cec.o ABSOLUTE
    ..\..\Libraries\FWlib\src\stm32f10x_crc.c 0x00000000   Number         0  stm32f10x_crc.o ABSOLUTE
    ..\..\Libraries\FWlib\src\stm32f10x_dac.c 0x00000000   Number         0  stm32f10x_dac.o ABSOLUTE
    ..\..\Libraries\FWlib\src\stm32f10x_dbgmcu.c 0x00000000   Number         0  stm32f10x_dbgmcu.o ABSOLUTE
    ..\..\Libraries\FWlib\src\stm32f10x_dma.c 0x00000000   Number         0  stm32f10x_dma.o ABSOLUTE
    ..\..\Libraries\FWlib\src\stm32f10x_exti.c 0x00000000   Number         0  stm32f10x_exti.o ABSOLUTE
    ..\..\Libraries\FWlib\src\stm32f10x_flash.c 0x00000000   Number         0  stm32f10x_flash.o ABSOLUTE
    ..\..\Libraries\FWlib\src\stm32f10x_fsmc.c 0x00000000   Number         0  stm32f10x_fsmc.o ABSOLUTE
    ..\..\Libraries\FWlib\src\stm32f10x_gpio.c 0x00000000   Number         0  stm32f10x_gpio.o ABSOLUTE
    ..\..\Libraries\FWlib\src\stm32f10x_i2c.c 0x00000000   Number         0  stm32f10x_i2c.o ABSOLUTE
    ..\..\Libraries\FWlib\src\stm32f10x_iwdg.c 0x00000000   Number         0  stm32f10x_iwdg.o ABSOLUTE
    ..\..\Libraries\FWlib\src\stm32f10x_pwr.c 0x00000000   Number         0  stm32f10x_pwr.o ABSOLUTE
    ..\..\Libraries\FWlib\src\stm32f10x_rcc.c 0x00000000   Number         0  stm32f10x_rcc.o ABSOLUTE
    ..\..\Libraries\FWlib\src\stm32f10x_rtc.c 0x00000000   Number         0  stm32f10x_rtc.o ABSOLUTE
    ..\..\Libraries\FWlib\src\stm32f10x_sdio.c 0x00000000   Number         0  stm32f10x_sdio.o ABSOLUTE
    ..\..\Libraries\FWlib\src\stm32f10x_spi.c 0x00000000   Number         0  stm32f10x_spi.o ABSOLUTE
    ..\..\Libraries\FWlib\src\stm32f10x_tim.c 0x00000000   Number         0  stm32f10x_tim.o ABSOLUTE
    ..\..\Libraries\FWlib\src\stm32f10x_usart.c 0x00000000   Number         0  stm32f10x_usart.o ABSOLUTE
    ..\..\Libraries\FWlib\src\stm32f10x_wwdg.c 0x00000000   Number         0  stm32f10x_wwdg.o ABSOLUTE
    ..\..\User\control\control.c             0x00000000   Number         0  control.o ABSOLUTE
    ..\..\User\data_transmission\data_transmission.c 0x00000000   Number         0  data_transmission.o ABSOLUTE
    ..\..\User\encoder\encoder.c             0x00000000   Number         0  encoder.o ABSOLUTE
    ..\..\User\exti\exti.c                   0x00000000   Number         0  exti.o ABSOLUTE
    ..\..\User\gps\gps.c                     0x00000000   Number         0  gps.o ABSOLUTE
    ..\..\User\imu\imu.c                     0x00000000   Number         0  imu.o ABSOLUTE
    ..\..\User\laser\laser.c                 0x00000000   Number         0  laser.o ABSOLUTE
    ..\..\User\led\led.c                     0x00000000   Number         0  led.o ABSOLUTE
    ..\..\User\main.c                        0x00000000   Number         0  main.o ABSOLUTE
    ..\..\User\minmea\minmea.c               0x00000000   Number         0  minmea.o ABSOLUTE
    ..\..\User\motor\motor.c                 0x00000000   Number         0  motor.o ABSOLUTE
    ..\..\User\oled\oled.c                   0x00000000   Number         0  oled.o ABSOLUTE
    ..\..\User\pwm_ic\input_capture.c        0x00000000   Number         0  input_capture.o ABSOLUTE
    ..\..\User\stm32f10x_it.c                0x00000000   Number         0  stm32f10x_it.o ABSOLUTE
    ..\..\User\sys\sys.c                     0x00000000   Number         0  sys.o ABSOLUTE
    ..\..\User\usrt\usart.c                  0x00000000   Number         0  usart.o ABSOLUTE
    ..\..\User\watchDog.c                    0x00000000   Number         0  watchdog.o ABSOLUTE
    ..\\..\\Libraries\\CMSIS\\core_cm3.c     0x00000000   Number         0  core_cm3.o ABSOLUTE
    cdcmple.s                                0x00000000   Number         0  cdcmple.o ABSOLUTE
    cdrcmple.s                               0x00000000   Number         0  cdrcmple.o ABSOLUTE
    dc.s                                     0x00000000   Number         0  dc.o ABSOLUTE
    handlers.s                               0x00000000   Number         0  handlers.o ABSOLUTE
    init.s                                   0x00000000   Number         0  init.o ABSOLUTE
    RESET                                    0x08000000   Section      304  startup_stm32f10x_hd.o(RESET)
    .ARM.Collect$$$$00000000                 0x08000130   Section        0  entry.o(.ARM.Collect$$$$00000000)
    .ARM.Collect$$$$00000001                 0x08000130   Section        4  entry2.o(.ARM.Collect$$$$00000001)
    .ARM.Collect$$$$00000004                 0x08000134   Section        4  entry5.o(.ARM.Collect$$$$00000004)
    .ARM.Collect$$$$00000008                 0x08000138   Section        0  entry7b.o(.ARM.Collect$$$$00000008)
    .ARM.Collect$$$$0000000A                 0x08000138   Section        0  entry8b.o(.ARM.Collect$$$$0000000A)
    .ARM.Collect$$$$0000000B                 0x08000138   Section        8  entry9a.o(.ARM.Collect$$$$0000000B)
    .ARM.Collect$$$$0000000D                 0x08000140   Section        0  entry10a.o(.ARM.Collect$$$$0000000D)
    .ARM.Collect$$$$0000000F                 0x08000140   Section        0  entry11a.o(.ARM.Collect$$$$0000000F)
    .ARM.Collect$$$$00002712                 0x08000140   Section        4  entry2.o(.ARM.Collect$$$$00002712)
    __lit__00000000                          0x08000140   Data           4  entry2.o(.ARM.Collect$$$$00002712)
    .text                                    0x08000144   Section       36  startup_stm32f10x_hd.o(.text)
    .text                                    0x08000168   Section        0  ctype_o.o(.text)
    .text                                    0x08000170   Section        0  memcpya.o(.text)
    .text                                    0x08000194   Section        0  strlen.o(.text)
    .text                                    0x080001a2   Section        0  strcmp.o(.text)
    .text                                    0x080001be   Section        0  strtol.o(.text)
    .text                                    0x0800022e   Section        0  fadd.o(.text)
    .text                                    0x080002de   Section        0  fmul.o(.text)
    .text                                    0x08000342   Section        0  fdiv.o(.text)
    .text                                    0x080003be   Section        0  dadd.o(.text)
    .text                                    0x0800050c   Section        0  dmul.o(.text)
    .text                                    0x080005f0   Section        0  ddiv.o(.text)
    .text                                    0x080006ce   Section        0  fflti.o(.text)
    .text                                    0x080006e0   Section        0  dflti.o(.text)
    .text                                    0x08000702   Section        0  ffixi.o(.text)
    .text                                    0x08000734   Section        0  dfixi.o(.text)
    .text                                    0x08000772   Section        0  f2d.o(.text)
    .text                                    0x08000798   Section       48  cdcmple.o(.text)
    .text                                    0x080007c8   Section       48  cdrcmple.o(.text)
    .text                                    0x080007f8   Section        0  d2f.o(.text)
    .text                                    0x08000830   Section        0  llshl.o(.text)
    .text                                    0x0800084e   Section        0  llushr.o(.text)
    .text                                    0x0800086e   Section        0  llsshr.o(.text)
    .text                                    0x08000892   Section        0  _strtoul.o(.text)
    .text                                    0x08000930   Section        0  fepilogue.o(.text)
    .text                                    0x08000930   Section        0  iusefp.o(.text)
    .text                                    0x0800099e   Section        0  depilogue.o(.text)
    .text                                    0x08000a58   Section       36  init.o(.text)
    .text                                    0x08000a7c   Section        0  _chval.o(.text)
    i.AnalysisGPS                            0x08000a98   Section        0  gps.o(i.AnalysisGPS)
    i.BusFault_Handler                       0x08000b30   Section        0  stm32f10x_it.o(i.BusFault_Handler)
    i.CopeSerial2Data_1                      0x08000b34   Section        0  imu.o(i.CopeSerial2Data_1)
    i.DT_BehaviorParams_Parse                0x08000cf4   Section        0  data_transmission.o(i.DT_BehaviorParams_Parse)
    i.DT_Behavior_Parse                      0x08000cfa   Section        0  data_transmission.o(i.DT_Behavior_Parse)
    i.DT_Data_Receive_Anl                    0x08000d00   Section        0  data_transmission.o(i.DT_Data_Receive_Anl)
    i.DT_Data_Receive_Prepare                0x08000de0   Section        0  data_transmission.o(i.DT_Data_Receive_Prepare)
    i.DT_Empower_Parse                       0x08000ec8   Section        0  data_transmission.o(i.DT_Empower_Parse)
    i.DT_Gps_Parse                           0x08000ece   Section        0  data_transmission.o(i.DT_Gps_Parse)
    i.DT_Imu_Parse                           0x08000edc   Section        0  data_transmission.o(i.DT_Imu_Parse)
    i.DT_Mode_Parse                          0x08000eee   Section        0  data_transmission.o(i.DT_Mode_Parse)
    i.DT_Send_Data                           0x08000ef4   Section        0  data_transmission.o(i.DT_Send_Data)
    i.DT_Send_Gps                            0x08000f04   Section        0  data_transmission.o(i.DT_Send_Gps)
    i.DT_Send_Imu                            0x08000f54   Section        0  data_transmission.o(i.DT_Send_Imu)
    i.DT_Send_Locking                        0x08000fa4   Section        0  data_transmission.o(i.DT_Send_Locking)
    i.DT_Send_RemoteChannel                  0x08000ff4   Section        0  data_transmission.o(i.DT_Send_RemoteChannel)
    i.DT_Stop_Parse                          0x08001044   Section        0  data_transmission.o(i.DT_Stop_Parse)
    i.DT_Velocity_Parse                      0x0800104c   Section        0  data_transmission.o(i.DT_Velocity_Parse)
    i.DebugMon_Handler                       0x08001060   Section        0  stm32f10x_it.o(i.DebugMon_Handler)
    i.EXTI0_IRQHandler                       0x08001062   Section        0  exti.o(i.EXTI0_IRQHandler)
    i.EXTI15_10_IRQHandler                   0x08001072   Section        0  exti.o(i.EXTI15_10_IRQHandler)
    i.EXTI1_IRQHandler                       0x08001088   Section        0  exti.o(i.EXTI1_IRQHandler)
    i.EXTI2_IRQHandler                       0x080010a0   Section        0  exti.o(i.EXTI2_IRQHandler)
    i.EXTI_ClearITPendingBit                 0x080010b8   Section        0  stm32f10x_exti.o(i.EXTI_ClearITPendingBit)
    i.EXTI_GetFlagStatus                     0x080010c4   Section        0  stm32f10x_exti.o(i.EXTI_GetFlagStatus)
    i.GPIO_Init                              0x080010dc   Section        0  stm32f10x_gpio.o(i.GPIO_Init)
    i.GPIO_PinRemapConfig                    0x080011f4   Section        0  stm32f10x_gpio.o(i.GPIO_PinRemapConfig)
    i.GPIO_ResetBits                         0x08001284   Section        0  stm32f10x_gpio.o(i.GPIO_ResetBits)
    i.HardFault_Handler                      0x08001288   Section        0  stm32f10x_it.o(i.HardFault_Handler)
    i.IWDG_Enable                            0x0800128c   Section        0  stm32f10x_iwdg.o(i.IWDG_Enable)
    i.IWDG_ReloadCounter                     0x0800129c   Section        0  stm32f10x_iwdg.o(i.IWDG_ReloadCounter)
    i.IWDG_SetPrescaler                      0x080012ac   Section        0  stm32f10x_iwdg.o(i.IWDG_SetPrescaler)
    i.IWDG_SetReload                         0x080012b8   Section        0  stm32f10x_iwdg.o(i.IWDG_SetReload)
    i.IWDG_WriteAccessCmd                    0x080012c4   Section        0  stm32f10x_iwdg.o(i.IWDG_WriteAccessCmd)
    i.Init                                   0x080012d0   Section        0  sys.o(i.Init)
    i.LED_GPIO_Config                        0x080013c0   Section        0  led.o(i.LED_GPIO_Config)
    i.LaserControl                           0x0800140c   Section        0  laser.o(i.LaserControl)
    i.LaserInit                              0x08001454   Section        0  control.o(i.LaserInit)
    i.Laser_Init                             0x080014c4   Section        0  laser.o(i.Laser_Init)
    i.LimitPwm                               0x0800157c   Section        0  control.o(i.LimitPwm)
    i.MemManage_Handler                      0x080015f6   Section        0  stm32f10x_it.o(i.MemManage_Handler)
    i.MotorInit                              0x080015fc   Section        0  control.o(i.MotorInit)
    i.NMI_Handler                            0x0800164c   Section        0  stm32f10x_it.o(i.NMI_Handler)
    i.NVIC_Configuration                     0x0800164e   Section        0  usart.o(i.NVIC_Configuration)
    NVIC_Configuration                       0x0800164f   Thumb Code    36  usart.o(i.NVIC_Configuration)
    i.NVIC_Init                              0x08001674   Section        0  misc.o(i.NVIC_Init)
    i.NVIC_PriorityGroupConfig               0x080016e4   Section        0  misc.o(i.NVIC_PriorityGroupConfig)
    i.PendSV_Handler                         0x080016f8   Section        0  stm32f10x_it.o(i.PendSV_Handler)
    i.PwmApplicate                           0x080016fc   Section        0  control.o(i.PwmApplicate)
    i.PwmInit                                0x08001758   Section        0  motor.o(i.PwmInit)
    i.PwmSet                                 0x0800183c   Section        0  motor.o(i.PwmSet)
    i.RCC_APB1PeriphClockCmd                 0x08001870   Section        0  stm32f10x_rcc.o(i.RCC_APB1PeriphClockCmd)
    i.RCC_APB1PeriphResetCmd                 0x08001890   Section        0  stm32f10x_rcc.o(i.RCC_APB1PeriphResetCmd)
    i.RCC_APB2PeriphClockCmd                 0x080018b0   Section        0  stm32f10x_rcc.o(i.RCC_APB2PeriphClockCmd)
    i.RCC_APB2PeriphResetCmd                 0x080018d0   Section        0  stm32f10x_rcc.o(i.RCC_APB2PeriphResetCmd)
    i.RCC_GetClocksFreq                      0x080018f0   Section        0  stm32f10x_rcc.o(i.RCC_GetClocksFreq)
    i.SVC_Handler                            0x080019c4   Section        0  stm32f10x_it.o(i.SVC_Handler)
    i.Servo_Pwm_Init                         0x080019c8   Section        0  motor.o(i.Servo_Pwm_Init)
    i.SetSysClock                            0x08001aa0   Section        0  system_stm32f10x.o(i.SetSysClock)
    SetSysClock                              0x08001aa1   Thumb Code     8  system_stm32f10x.o(i.SetSysClock)
    i.SetSysClockTo72                        0x08001aa8   Section        0  system_stm32f10x.o(i.SetSysClockTo72)
    SetSysClockTo72                          0x08001aa9   Thumb Code   214  system_stm32f10x.o(i.SetSysClockTo72)
    i.SpeedAnalyze                           0x08001b88   Section        0  control.o(i.SpeedAnalyze)
    i.SysTick_Handler                        0x08001bf4   Section        0  stm32f10x_it.o(i.SysTick_Handler)
    i.SysTick_Init                           0x08001bfc   Section        0  control.o(i.SysTick_Init)
    i.SystemInit                             0x08001c74   Section        0  system_stm32f10x.o(i.SystemInit)
    i.TI1_Config                             0x08001cd4   Section        0  stm32f10x_tim.o(i.TI1_Config)
    TI1_Config                               0x08001cd5   Thumb Code   108  stm32f10x_tim.o(i.TI1_Config)
    i.TI2_Config                             0x08001d54   Section        0  stm32f10x_tim.o(i.TI2_Config)
    TI2_Config                               0x08001d55   Thumb Code   130  stm32f10x_tim.o(i.TI2_Config)
    i.TI3_Config                             0x08001dec   Section        0  stm32f10x_tim.o(i.TI3_Config)
    TI3_Config                               0x08001ded   Thumb Code   122  stm32f10x_tim.o(i.TI3_Config)
    i.TI4_Config                             0x08001e7c   Section        0  stm32f10x_tim.o(i.TI4_Config)
    TI4_Config                               0x08001e7d   Thumb Code   130  stm32f10x_tim.o(i.TI4_Config)
    i.TIM2_4channel_process                  0x08001f14   Section        0  input_capture.o(i.TIM2_4channel_process)
    i.TIM2_Capture_Init                      0x08002104   Section        0  input_capture.o(i.TIM2_Capture_Init)
    i.TIM2_IRQHandler                        0x08002240   Section        0  input_capture.o(i.TIM2_IRQHandler)
    i.TIM4_IRQHandler                        0x0800252c   Section        0  encoder.o(i.TIM4_IRQHandler)
    i.TIM_ARRPreloadConfig                   0x08002544   Section        0  stm32f10x_tim.o(i.TIM_ARRPreloadConfig)
    i.TIM_ClearITPendingBit                  0x0800255c   Section        0  stm32f10x_tim.o(i.TIM_ClearITPendingBit)
    i.TIM_Cmd                                0x08002562   Section        0  stm32f10x_tim.o(i.TIM_Cmd)
    i.TIM_CtrlPWMOutputs                     0x0800257a   Section        0  stm32f10x_tim.o(i.TIM_CtrlPWMOutputs)
    i.TIM_DeInit                             0x08002598   Section        0  stm32f10x_tim.o(i.TIM_DeInit)
    i.TIM_GetCapture1                        0x08002780   Section        0  stm32f10x_tim.o(i.TIM_GetCapture1)
    i.TIM_GetCapture2                        0x08002786   Section        0  stm32f10x_tim.o(i.TIM_GetCapture2)
    i.TIM_GetCapture3                        0x0800278c   Section        0  stm32f10x_tim.o(i.TIM_GetCapture3)
    i.TIM_GetCapture4                        0x08002792   Section        0  stm32f10x_tim.o(i.TIM_GetCapture4)
    i.TIM_GetITStatus                        0x0800279a   Section        0  stm32f10x_tim.o(i.TIM_GetITStatus)
    i.TIM_ICInit                             0x080027bc   Section        0  stm32f10x_tim.o(i.TIM_ICInit)
    i.TIM_ITConfig                           0x08002868   Section        0  stm32f10x_tim.o(i.TIM_ITConfig)
    i.TIM_OC1Init                            0x0800287c   Section        0  stm32f10x_tim.o(i.TIM_OC1Init)
    i.TIM_OC1PolarityConfig                  0x08002914   Section        0  stm32f10x_tim.o(i.TIM_OC1PolarityConfig)
    i.TIM_OC1PreloadConfig                   0x08002926   Section        0  stm32f10x_tim.o(i.TIM_OC1PreloadConfig)
    i.TIM_OC2Init                            0x08002938   Section        0  stm32f10x_tim.o(i.TIM_OC2Init)
    i.TIM_OC2PolarityConfig                  0x080029dc   Section        0  stm32f10x_tim.o(i.TIM_OC2PolarityConfig)
    i.TIM_OC2PreloadConfig                   0x080029f6   Section        0  stm32f10x_tim.o(i.TIM_OC2PreloadConfig)
    i.TIM_OC3Init                            0x08002a10   Section        0  stm32f10x_tim.o(i.TIM_OC3Init)
    i.TIM_OC3PolarityConfig                  0x08002ab0   Section        0  stm32f10x_tim.o(i.TIM_OC3PolarityConfig)
    i.TIM_OC3PreloadConfig                   0x08002aca   Section        0  stm32f10x_tim.o(i.TIM_OC3PreloadConfig)
    i.TIM_OC4Init                            0x08002adc   Section        0  stm32f10x_tim.o(i.TIM_OC4Init)
    i.TIM_OC4PolarityConfig                  0x08002b58   Section        0  stm32f10x_tim.o(i.TIM_OC4PolarityConfig)
    i.TIM_OC4PreloadConfig                   0x08002b72   Section        0  stm32f10x_tim.o(i.TIM_OC4PreloadConfig)
    i.TIM_SetIC1Prescaler                    0x08002b8c   Section        0  stm32f10x_tim.o(i.TIM_SetIC1Prescaler)
    i.TIM_SetIC2Prescaler                    0x08002b9e   Section        0  stm32f10x_tim.o(i.TIM_SetIC2Prescaler)
    i.TIM_SetIC3Prescaler                    0x08002bb8   Section        0  stm32f10x_tim.o(i.TIM_SetIC3Prescaler)
    i.TIM_SetIC4Prescaler                    0x08002bca   Section        0  stm32f10x_tim.o(i.TIM_SetIC4Prescaler)
    i.TIM_TimeBaseInit                       0x08002be4   Section        0  stm32f10x_tim.o(i.TIM_TimeBaseInit)
    i.TimingDelay_Decrement                  0x08002c88   Section        0  control.o(i.TimingDelay_Decrement)
    i.UART4_IRQHandler                       0x08002ca0   Section        0  usart.o(i.UART4_IRQHandler)
    i.UART5_IRQHandler                       0x08002d30   Section        0  usart.o(i.UART5_IRQHandler)
    i.USART1_Config                          0x08002d70   Section        0  usart.o(i.USART1_Config)
    i.USART1_IRQHandler                      0x08002e00   Section        0  usart.o(i.USART1_IRQHandler)
    i.USART2_Config                          0x08002e34   Section        0  usart.o(i.USART2_Config)
    i.USART2_IRQHandler                      0x08002ee0   Section        0  usart.o(i.USART2_IRQHandler)
    i.USART3_Config                          0x08002f20   Section        0  usart.o(i.USART3_Config)
    i.USART3_IRQHandler                      0x08002fec   Section        0  usart.o(i.USART3_IRQHandler)
    i.USART4_Config                          0x08003068   Section        0  usart.o(i.USART4_Config)
    i.USART5_Config                          0x0800311c   Section        0  usart.o(i.USART5_Config)
    i.USART_ClearFlag                        0x080031c4   Section        0  stm32f10x_usart.o(i.USART_ClearFlag)
    i.USART_Cmd                              0x080031d6   Section        0  stm32f10x_usart.o(i.USART_Cmd)
    i.USART_GetFlagStatus                    0x080031ee   Section        0  stm32f10x_usart.o(i.USART_GetFlagStatus)
    i.USART_GetITStatus                      0x08003208   Section        0  stm32f10x_usart.o(i.USART_GetITStatus)
    i.USART_ITConfig                         0x0800325c   Section        0  stm32f10x_usart.o(i.USART_ITConfig)
    i.USART_Init                             0x080032a8   Section        0  stm32f10x_usart.o(i.USART_Init)
    i.USART_ReceiveData                      0x08003380   Section        0  stm32f10x_usart.o(i.USART_ReceiveData)
    i.USART_SendData                         0x0800338a   Section        0  stm32f10x_usart.o(i.USART_SendData)
    i.UsageFault_Handler                     0x08003392   Section        0  stm32f10x_it.o(i.UsageFault_Handler)
    i.Usart4_SendByte                        0x08003398   Section        0  usart.o(i.Usart4_SendByte)
    i.Usart5_SendData                        0x080033b8   Section        0  usart.o(i.Usart5_SendData)
    i.WatchDog_Init                          0x080033f4   Section        0  watchdog.o(i.WatchDog_Init)
    i.__aeabi_errno_addr                     0x08003414   Section        0  errno.o(i.__aeabi_errno_addr)
    i.__scatterload_copy                     0x0800341c   Section       14  handlers.o(i.__scatterload_copy)
    i.__scatterload_null                     0x0800342a   Section        2  handlers.o(i.__scatterload_null)
    i.__scatterload_zeroinit                 0x0800342c   Section       14  handlers.o(i.__scatterload_zeroinit)
    i.control                                0x0800343c   Section        0  control.o(i.control)
    i.hex2int                                0x0800361c   Section        0  minmea.o(i.hex2int)
    hex2int                                  0x0800361d   Thumb Code    50  minmea.o(i.hex2int)
    i.main                                   0x0800364e   Section        0  main.o(i.main)
    i.minmea_check                           0x08003664   Section        0  minmea.o(i.minmea_check)
    i.minmea_isfield                         0x08003718   Section        0  minmea.o(i.minmea_isfield)
    minmea_isfield                           0x08003719   Thumb Code    34  minmea.o(i.minmea_isfield)
    i.minmea_parse_gga                       0x0800373c   Section        0  minmea.o(i.minmea_parse_gga)
    i.minmea_parse_rmc                       0x080037c4   Section        0  minmea.o(i.minmea_parse_rmc)
    i.minmea_scan                            0x08003860   Section        0  minmea.o(i.minmea_scan)
    i.minmea_sentence_id                     0x08003c68   Section        0  minmea.o(i.minmea_sentence_id)
    i.minmea_tocoord                         0x08003d38   Section        0  gps.o(i.minmea_tocoord)
    minmea_tocoord                           0x08003d39   Thumb Code    88  gps.o(i.minmea_tocoord)
    i.mode_choose_openmv                     0x08003d94   Section        0  control.o(i.mode_choose_openmv)
    i.trace_control                          0x08003dbc   Section        0  control.o(i.trace_control)
    .constdata                               0x08003eb8   Section      129  ctype_o.o(.constdata)
    .constdata                               0x08003f3c   Section        4  ctype_o.o(.constdata)
    table                                    0x08003f3c   Data           4  ctype_o.o(.constdata)
    .data                                    0x20000000   Section       20  system_stm32f10x.o(.data)
    .data                                    0x20000014   Section       20  stm32f10x_rcc.o(.data)
    APBAHBPrescTable                         0x20000014   Data          16  stm32f10x_rcc.o(.data)
    ADCPrescTable                            0x20000024   Data           4  stm32f10x_rcc.o(.data)
    .data                                    0x20000028   Section       90  main.o(.data)
    .data                                    0x20000084   Section       56  control.o(.data)
    TimingDelay                              0x20000084   Data           4  control.o(.data)
    Bias                                     0x2000009c   Data           4  control.o(.data)
    Pwm                                      0x200000a0   Data           4  control.o(.data)
    Last_bias                                0x200000a4   Data           4  control.o(.data)
    Last_last_bias                           0x200000a8   Data           4  control.o(.data)
    Bias                                     0x200000ac   Data           4  control.o(.data)
    Pwm                                      0x200000b0   Data           4  control.o(.data)
    Last_bias                                0x200000b4   Data           4  control.o(.data)
    Last_last_bias                           0x200000b8   Data           4  control.o(.data)
    .data                                    0x200000bc   Section        3  exti.o(.data)
    .data                                    0x200000c0   Section       82  imu.o(.data)
    ucRxCnt                                  0x20000110   Data           1  imu.o(.data)
    ucRxCnt_1                                0x20000111   Data           1  imu.o(.data)
    .data                                    0x20000112   Section        9  usart.o(.data)
    .data                                    0x2000011b   Section        4  data_transmission.o(.data)
    _data_len                                0x2000011c   Data           1  data_transmission.o(.data)
    _data_cnt                                0x2000011d   Data           1  data_transmission.o(.data)
    state                                    0x2000011e   Data           1  data_transmission.o(.data)
    .data                                    0x20000120   Section        4  errno.o(.data)
    _errno                                   0x20000120   Data           4  errno.o(.data)
    .bss                                     0x20000124   Section       36  main.o(.bss)
    .bss                                     0x20000148   Section      506  imu.o(.bss)
    ucRxBuffer                               0x20000148   Data         256  imu.o(.bss)
    ucRxBuffer_1                             0x20000248   Data         250  imu.o(.bss)
    .bss                                     0x20000342   Section       80  usart.o(.bss)
    .bss                                     0x20000392   Section      178  data_transmission.o(.bss)
    RxBuffer                                 0x20000412   Data          50  data_transmission.o(.bss)
    STACK                                    0x20000448   Section     1024  startup_stm32f10x_hd.o(STACK)

    Global Symbols

    Symbol Name                              Value     Ov Type        Size  Object(Section)

    BuildAttributes$$THM_ISAv4$P$D$K$B$S$PE$A:L22UL41UL21$X:L11$S22US41US21$IEEE1$IW$USESV6$~STKCKD$USESV7$~SHL$OTIME$ROPI$EBA8$MICROLIB$REQ8$PRES8$EABIv2 0x00000000   Number         0  anon$$obj.o ABSOLUTE
    __ARM_use_no_argv                        0x00000000   Number         0  main.o ABSOLUTE
    __cpp_initialize__aeabi_                  - Undefined Weak Reference
    __cxa_finalize                            - Undefined Weak Reference
    __decompress                              - Undefined Weak Reference
    _clock_init                               - Undefined Weak Reference
    _microlib_exit                            - Undefined Weak Reference
    __Vectors_Size                           0x00000130   Number         0  startup_stm32f10x_hd.o ABSOLUTE
    __Vectors                                0x08000000   Data           4  startup_stm32f10x_hd.o(RESET)
    __Vectors_End                            0x08000130   Data           0  startup_stm32f10x_hd.o(RESET)
    __main                                   0x08000131   Thumb Code     0  entry.o(.ARM.Collect$$$$00000000)
    _main_stk                                0x08000131   Thumb Code     0  entry2.o(.ARM.Collect$$$$00000001)
    _main_scatterload                        0x08000135   Thumb Code     0  entry5.o(.ARM.Collect$$$$00000004)
    __main_after_scatterload                 0x08000139   Thumb Code     0  entry5.o(.ARM.Collect$$$$00000004)
    _main_clock                              0x08000139   Thumb Code     0  entry7b.o(.ARM.Collect$$$$00000008)
    _main_cpp_init                           0x08000139   Thumb Code     0  entry8b.o(.ARM.Collect$$$$0000000A)
    _main_init                               0x08000139   Thumb Code     0  entry9a.o(.ARM.Collect$$$$0000000B)
    __rt_final_cpp                           0x08000141   Thumb Code     0  entry10a.o(.ARM.Collect$$$$0000000D)
    __rt_final_exit                          0x08000141   Thumb Code     0  entry11a.o(.ARM.Collect$$$$0000000F)
    Reset_Handler                            0x08000145   Thumb Code     8  startup_stm32f10x_hd.o(.text)
    ADC1_2_IRQHandler                        0x0800015f   Thumb Code     0  startup_stm32f10x_hd.o(.text)
    ADC3_IRQHandler                          0x0800015f   Thumb Code     0  startup_stm32f10x_hd.o(.text)
    CAN1_RX1_IRQHandler                      0x0800015f   Thumb Code     0  startup_stm32f10x_hd.o(.text)
    CAN1_SCE_IRQHandler                      0x0800015f   Thumb Code     0  startup_stm32f10x_hd.o(.text)
    DMA1_Channel1_IRQHandler                 0x0800015f   Thumb Code     0  startup_stm32f10x_hd.o(.text)
    DMA1_Channel2_IRQHandler                 0x0800015f   Thumb Code     0  startup_stm32f10x_hd.o(.text)
    DMA1_Channel3_IRQHandler                 0x0800015f   Thumb Code     0  startup_stm32f10x_hd.o(.text)
    DMA1_Channel4_IRQHandler                 0x0800015f   Thumb Code     0  startup_stm32f10x_hd.o(.text)
    DMA1_Channel5_IRQHandler                 0x0800015f   Thumb Code     0  startup_stm32f10x_hd.o(.text)
    DMA1_Channel6_IRQHandler                 0x0800015f   Thumb Code     0  startup_stm32f10x_hd.o(.text)
    DMA1_Channel7_IRQHandler                 0x0800015f   Thumb Code     0  startup_stm32f10x_hd.o(.text)
    DMA2_Channel1_IRQHandler                 0x0800015f   Thumb Code     0  startup_stm32f10x_hd.o(.text)
    DMA2_Channel2_IRQHandler                 0x0800015f   Thumb Code     0  startup_stm32f10x_hd.o(.text)
    DMA2_Channel3_IRQHandler                 0x0800015f   Thumb Code     0  startup_stm32f10x_hd.o(.text)
    DMA2_Channel4_5_IRQHandler               0x0800015f   Thumb Code     0  startup_stm32f10x_hd.o(.text)
    EXTI3_IRQHandler                         0x0800015f   Thumb Code     0  startup_stm32f10x_hd.o(.text)
    EXTI4_IRQHandler                         0x0800015f   Thumb Code     0  startup_stm32f10x_hd.o(.text)
    EXTI9_5_IRQHandler                       0x0800015f   Thumb Code     0  startup_stm32f10x_hd.o(.text)
    FLASH_IRQHandler                         0x0800015f   Thumb Code     0  startup_stm32f10x_hd.o(.text)
    FSMC_IRQHandler                          0x0800015f   Thumb Code     0  startup_stm32f10x_hd.o(.text)
    I2C1_ER_IRQHandler                       0x0800015f   Thumb Code     0  startup_stm32f10x_hd.o(.text)
    I2C1_EV_IRQHandler                       0x0800015f   Thumb Code     0  startup_stm32f10x_hd.o(.text)
    I2C2_ER_IRQHandler                       0x0800015f   Thumb Code     0  startup_stm32f10x_hd.o(.text)
    I2C2_EV_IRQHandler                       0x0800015f   Thumb Code     0  startup_stm32f10x_hd.o(.text)
    PVD_IRQHandler                           0x0800015f   Thumb Code     0  startup_stm32f10x_hd.o(.text)
    RCC_IRQHandler                           0x0800015f   Thumb Code     0  startup_stm32f10x_hd.o(.text)
    RTCAlarm_IRQHandler                      0x0800015f   Thumb Code     0  startup_stm32f10x_hd.o(.text)
    RTC_IRQHandler                           0x0800015f   Thumb Code     0  startup_stm32f10x_hd.o(.text)
    SDIO_IRQHandler                          0x0800015f   Thumb Code     0  startup_stm32f10x_hd.o(.text)
    SPI1_IRQHandler                          0x0800015f   Thumb Code     0  startup_stm32f10x_hd.o(.text)
    SPI2_IRQHandler                          0x0800015f   Thumb Code     0  startup_stm32f10x_hd.o(.text)
    SPI3_IRQHandler                          0x0800015f   Thumb Code     0  startup_stm32f10x_hd.o(.text)
    TAMPER_IRQHandler                        0x0800015f   Thumb Code     0  startup_stm32f10x_hd.o(.text)
    TIM1_BRK_IRQHandler                      0x0800015f   Thumb Code     0  startup_stm32f10x_hd.o(.text)
    TIM1_CC_IRQHandler                       0x0800015f   Thumb Code     0  startup_stm32f10x_hd.o(.text)
    TIM1_TRG_COM_IRQHandler                  0x0800015f   Thumb Code     0  startup_stm32f10x_hd.o(.text)
    TIM1_UP_IRQHandler                       0x0800015f   Thumb Code     0  startup_stm32f10x_hd.o(.text)
    TIM3_IRQHandler                          0x0800015f   Thumb Code     0  startup_stm32f10x_hd.o(.text)
    TIM5_IRQHandler                          0x0800015f   Thumb Code     0  startup_stm32f10x_hd.o(.text)
    TIM6_IRQHandler                          0x0800015f   Thumb Code     0  startup_stm32f10x_hd.o(.text)
    TIM7_IRQHandler                          0x0800015f   Thumb Code     0  startup_stm32f10x_hd.o(.text)
    TIM8_BRK_IRQHandler                      0x0800015f   Thumb Code     0  startup_stm32f10x_hd.o(.text)
    TIM8_CC_IRQHandler                       0x0800015f   Thumb Code     0  startup_stm32f10x_hd.o(.text)
    TIM8_TRG_COM_IRQHandler                  0x0800015f   Thumb Code     0  startup_stm32f10x_hd.o(.text)
    TIM8_UP_IRQHandler                       0x0800015f   Thumb Code     0  startup_stm32f10x_hd.o(.text)
    USBWakeUp_IRQHandler                     0x0800015f   Thumb Code     0  startup_stm32f10x_hd.o(.text)
    USB_HP_CAN1_TX_IRQHandler                0x0800015f   Thumb Code     0  startup_stm32f10x_hd.o(.text)
    USB_LP_CAN1_RX0_IRQHandler               0x0800015f   Thumb Code     0  startup_stm32f10x_hd.o(.text)
    WWDG_IRQHandler                          0x0800015f   Thumb Code     0  startup_stm32f10x_hd.o(.text)
    __rt_ctype_table                         0x08000169   Thumb Code     4  ctype_o.o(.text)
    __aeabi_memcpy                           0x08000171   Thumb Code    36  memcpya.o(.text)
    __aeabi_memcpy4                          0x08000171   Thumb Code     0  memcpya.o(.text)
    __aeabi_memcpy8                          0x08000171   Thumb Code     0  memcpya.o(.text)
    strlen                                   0x08000195   Thumb Code    14  strlen.o(.text)
    strcmp                                   0x080001a3   Thumb Code    28  strcmp.o(.text)
    strtol                                   0x080001bf   Thumb Code   112  strtol.o(.text)
    __aeabi_fadd                             0x0800022f   Thumb Code   164  fadd.o(.text)
    __aeabi_fsub                             0x080002d3   Thumb Code     6  fadd.o(.text)
    __aeabi_frsub                            0x080002d9   Thumb Code     6  fadd.o(.text)
    __aeabi_fmul                             0x080002df   Thumb Code   100  fmul.o(.text)
    __aeabi_fdiv                             0x08000343   Thumb Code   124  fdiv.o(.text)
    __aeabi_dadd                             0x080003bf   Thumb Code   322  dadd.o(.text)
    __aeabi_dsub                             0x08000501   Thumb Code     6  dadd.o(.text)
    __aeabi_drsub                            0x08000507   Thumb Code     6  dadd.o(.text)
    __aeabi_dmul                             0x0800050d   Thumb Code   228  dmul.o(.text)
    __aeabi_ddiv                             0x080005f1   Thumb Code   222  ddiv.o(.text)
    __aeabi_i2f                              0x080006cf   Thumb Code    18  fflti.o(.text)
    __aeabi_i2d                              0x080006e1   Thumb Code    34  dflti.o(.text)
    __aeabi_f2iz                             0x08000703   Thumb Code    50  ffixi.o(.text)
    __aeabi_d2iz                             0x08000735   Thumb Code    62  dfixi.o(.text)
    __aeabi_f2d                              0x08000773   Thumb Code    38  f2d.o(.text)
    __aeabi_cdcmpeq                          0x08000799   Thumb Code     0  cdcmple.o(.text)
    __aeabi_cdcmple                          0x08000799   Thumb Code    48  cdcmple.o(.text)
    __aeabi_cdrcmple                         0x080007c9   Thumb Code    48  cdrcmple.o(.text)
    __aeabi_d2f                              0x080007f9   Thumb Code    56  d2f.o(.text)
    __aeabi_llsl                             0x08000831   Thumb Code    30  llshl.o(.text)
    _ll_shift_l                              0x08000831   Thumb Code     0  llshl.o(.text)
    __aeabi_llsr                             0x0800084f   Thumb Code    32  llushr.o(.text)
    _ll_ushift_r                             0x0800084f   Thumb Code     0  llushr.o(.text)
    __aeabi_lasr                             0x0800086f   Thumb Code    36  llsshr.o(.text)
    _ll_sshift_r                             0x0800086f   Thumb Code     0  llsshr.o(.text)
    _strtoul                                 0x08000893   Thumb Code   158  _strtoul.o(.text)
    __I$use$fp                               0x08000931   Thumb Code     0  iusefp.o(.text)
    _float_round                             0x08000931   Thumb Code    18  fepilogue.o(.text)
    _float_epilogue                          0x08000943   Thumb Code    92  fepilogue.o(.text)
    _double_round                            0x0800099f   Thumb Code    30  depilogue.o(.text)
    _double_epilogue                         0x080009bd   Thumb Code   156  depilogue.o(.text)
    __scatterload                            0x08000a59   Thumb Code    28  init.o(.text)
    __scatterload_rt2                        0x08000a59   Thumb Code     0  init.o(.text)
    _chval                                   0x08000a7d   Thumb Code    28  _chval.o(.text)
    AnalysisGPS                              0x08000a99   Thumb Code   142  gps.o(i.AnalysisGPS)
    BusFault_Handler                         0x08000b31   Thumb Code     4  stm32f10x_it.o(i.BusFault_Handler)
    CopeSerial2Data_1                        0x08000b35   Thumb Code   404  imu.o(i.CopeSerial2Data_1)
    DT_BehaviorParams_Parse                  0x08000cf5   Thumb Code     6  data_transmission.o(i.DT_BehaviorParams_Parse)
    DT_Behavior_Parse                        0x08000cfb   Thumb Code     6  data_transmission.o(i.DT_Behavior_Parse)
    DT_Data_Receive_Anl                      0x08000d01   Thumb Code   190  data_transmission.o(i.DT_Data_Receive_Anl)
    DT_Data_Receive_Prepare                  0x08000de1   Thumb Code   216  data_transmission.o(i.DT_Data_Receive_Prepare)
    DT_Empower_Parse                         0x08000ec9   Thumb Code     6  data_transmission.o(i.DT_Empower_Parse)
    DT_Gps_Parse                             0x08000ecf   Thumb Code    14  data_transmission.o(i.DT_Gps_Parse)
    DT_Imu_Parse                             0x08000edd   Thumb Code    18  data_transmission.o(i.DT_Imu_Parse)
    DT_Mode_Parse                            0x08000eef   Thumb Code     6  data_transmission.o(i.DT_Mode_Parse)
    DT_Send_Data                             0x08000ef5   Thumb Code    16  data_transmission.o(i.DT_Send_Data)
    DT_Send_Gps                              0x08000f05   Thumb Code    76  data_transmission.o(i.DT_Send_Gps)
    DT_Send_Imu                              0x08000f55   Thumb Code    76  data_transmission.o(i.DT_Send_Imu)
    DT_Send_Locking                          0x08000fa5   Thumb Code    76  data_transmission.o(i.DT_Send_Locking)
    DT_Send_RemoteChannel                    0x08000ff5   Thumb Code    76  data_transmission.o(i.DT_Send_RemoteChannel)
    DT_Stop_Parse                            0x08001045   Thumb Code     6  data_transmission.o(i.DT_Stop_Parse)
    DT_Velocity_Parse                        0x0800104d   Thumb Code    16  data_transmission.o(i.DT_Velocity_Parse)
    DebugMon_Handler                         0x08001061   Thumb Code     2  stm32f10x_it.o(i.DebugMon_Handler)
    EXTI0_IRQHandler                         0x08001063   Thumb Code    16  exti.o(i.EXTI0_IRQHandler)
    EXTI15_10_IRQHandler                     0x08001073   Thumb Code    20  exti.o(i.EXTI15_10_IRQHandler)
    EXTI1_IRQHandler                         0x08001089   Thumb Code    20  exti.o(i.EXTI1_IRQHandler)
    EXTI2_IRQHandler                         0x080010a1   Thumb Code    20  exti.o(i.EXTI2_IRQHandler)
    EXTI_ClearITPendingBit                   0x080010b9   Thumb Code     6  stm32f10x_exti.o(i.EXTI_ClearITPendingBit)
    EXTI_GetFlagStatus                       0x080010c5   Thumb Code    20  stm32f10x_exti.o(i.EXTI_GetFlagStatus)
    GPIO_Init                                0x080010dd   Thumb Code   278  stm32f10x_gpio.o(i.GPIO_Init)
    GPIO_PinRemapConfig                      0x080011f5   Thumb Code   138  stm32f10x_gpio.o(i.GPIO_PinRemapConfig)
    GPIO_ResetBits                           0x08001285   Thumb Code     4  stm32f10x_gpio.o(i.GPIO_ResetBits)
    HardFault_Handler                        0x08001289   Thumb Code     4  stm32f10x_it.o(i.HardFault_Handler)
    IWDG_Enable                              0x0800128d   Thumb Code    10  stm32f10x_iwdg.o(i.IWDG_Enable)
    IWDG_ReloadCounter                       0x0800129d   Thumb Code    10  stm32f10x_iwdg.o(i.IWDG_ReloadCounter)
    IWDG_SetPrescaler                        0x080012ad   Thumb Code     6  stm32f10x_iwdg.o(i.IWDG_SetPrescaler)
    IWDG_SetReload                           0x080012b9   Thumb Code     6  stm32f10x_iwdg.o(i.IWDG_SetReload)
    IWDG_WriteAccessCmd                      0x080012c5   Thumb Code     6  stm32f10x_iwdg.o(i.IWDG_WriteAccessCmd)
    Init                                     0x080012d1   Thumb Code   174  sys.o(i.Init)
    LED_GPIO_Config                          0x080013c1   Thumb Code    72  led.o(i.LED_GPIO_Config)
    LaserControl                             0x0800140d   Thumb Code    62  laser.o(i.LaserControl)
    LaserInit                                0x08001455   Thumb Code   108  control.o(i.LaserInit)
    Laser_Init                               0x080014c5   Thumb Code   172  laser.o(i.Laser_Init)
    LimitPwm                                 0x0800157d   Thumb Code   122  control.o(i.LimitPwm)
    MemManage_Handler                        0x080015f7   Thumb Code     4  stm32f10x_it.o(i.MemManage_Handler)
    MotorInit                                0x080015fd   Thumb Code    76  control.o(i.MotorInit)
    NMI_Handler                              0x0800164d   Thumb Code     2  stm32f10x_it.o(i.NMI_Handler)
    NVIC_Init                                0x08001675   Thumb Code   100  misc.o(i.NVIC_Init)
    NVIC_PriorityGroupConfig                 0x080016e5   Thumb Code    10  misc.o(i.NVIC_PriorityGroupConfig)
    PendSV_Handler                           0x080016f9   Thumb Code     2  stm32f10x_it.o(i.PendSV_Handler)
    PwmApplicate                             0x080016fd   Thumb Code    86  control.o(i.PwmApplicate)
    PwmInit                                  0x08001759   Thumb Code   220  motor.o(i.PwmInit)
    PwmSet                                   0x0800183d   Thumb Code    46  motor.o(i.PwmSet)
    RCC_APB1PeriphClockCmd                   0x08001871   Thumb Code    26  stm32f10x_rcc.o(i.RCC_APB1PeriphClockCmd)
    RCC_APB1PeriphResetCmd                   0x08001891   Thumb Code    26  stm32f10x_rcc.o(i.RCC_APB1PeriphResetCmd)
    RCC_APB2PeriphClockCmd                   0x080018b1   Thumb Code    26  stm32f10x_rcc.o(i.RCC_APB2PeriphClockCmd)
    RCC_APB2PeriphResetCmd                   0x080018d1   Thumb Code    26  stm32f10x_rcc.o(i.RCC_APB2PeriphResetCmd)
    RCC_GetClocksFreq                        0x080018f1   Thumb Code   192  stm32f10x_rcc.o(i.RCC_GetClocksFreq)
    SVC_Handler                              0x080019c5   Thumb Code     2  stm32f10x_it.o(i.SVC_Handler)
    Servo_Pwm_Init                           0x080019c9   Thumb Code   204  motor.o(i.Servo_Pwm_Init)
    SpeedAnalyze                             0x08001b89   Thumb Code    98  control.o(i.SpeedAnalyze)
    SysTick_Handler                          0x08001bf5   Thumb Code     8  stm32f10x_it.o(i.SysTick_Handler)
    SysTick_Init                             0x08001bfd   Thumb Code   108  control.o(i.SysTick_Init)
    SystemInit                               0x08001c75   Thumb Code    78  system_stm32f10x.o(i.SystemInit)
    TIM2_4channel_process                    0x08001f15   Thumb Code   442  input_capture.o(i.TIM2_4channel_process)
    TIM2_Capture_Init                        0x08002105   Thumb Code   310  input_capture.o(i.TIM2_Capture_Init)
    TIM2_IRQHandler                          0x08002241   Thumb Code   700  input_capture.o(i.TIM2_IRQHandler)
    TIM4_IRQHandler                          0x0800252d   Thumb Code    18  encoder.o(i.TIM4_IRQHandler)
    TIM_ARRPreloadConfig                     0x08002545   Thumb Code    24  stm32f10x_tim.o(i.TIM_ARRPreloadConfig)
    TIM_ClearITPendingBit                    0x0800255d   Thumb Code     6  stm32f10x_tim.o(i.TIM_ClearITPendingBit)
    TIM_Cmd                                  0x08002563   Thumb Code    24  stm32f10x_tim.o(i.TIM_Cmd)
    TIM_CtrlPWMOutputs                       0x0800257b   Thumb Code    30  stm32f10x_tim.o(i.TIM_CtrlPWMOutputs)
    TIM_DeInit                               0x08002599   Thumb Code   424  stm32f10x_tim.o(i.TIM_DeInit)
    TIM_GetCapture1                          0x08002781   Thumb Code     6  stm32f10x_tim.o(i.TIM_GetCapture1)
    TIM_GetCapture2                          0x08002787   Thumb Code     6  stm32f10x_tim.o(i.TIM_GetCapture2)
    TIM_GetCapture3                          0x0800278d   Thumb Code     6  stm32f10x_tim.o(i.TIM_GetCapture3)
    TIM_GetCapture4                          0x08002793   Thumb Code     8  stm32f10x_tim.o(i.TIM_GetCapture4)
    TIM_GetITStatus                          0x0800279b   Thumb Code    34  stm32f10x_tim.o(i.TIM_GetITStatus)
    TIM_ICInit                               0x080027bd   Thumb Code   150  stm32f10x_tim.o(i.TIM_ICInit)
    TIM_ITConfig                             0x08002869   Thumb Code    18  stm32f10x_tim.o(i.TIM_ITConfig)
    TIM_OC1Init                              0x0800287d   Thumb Code   132  stm32f10x_tim.o(i.TIM_OC1Init)
    TIM_OC1PolarityConfig                    0x08002915   Thumb Code    18  stm32f10x_tim.o(i.TIM_OC1PolarityConfig)
    TIM_OC1PreloadConfig                     0x08002927   Thumb Code    18  stm32f10x_tim.o(i.TIM_OC1PreloadConfig)
    TIM_OC2Init                              0x08002939   Thumb Code   154  stm32f10x_tim.o(i.TIM_OC2Init)
    TIM_OC2PolarityConfig                    0x080029dd   Thumb Code    26  stm32f10x_tim.o(i.TIM_OC2PolarityConfig)
    TIM_OC2PreloadConfig                     0x080029f7   Thumb Code    26  stm32f10x_tim.o(i.TIM_OC2PreloadConfig)
    TIM_OC3Init                              0x08002a11   Thumb Code   150  stm32f10x_tim.o(i.TIM_OC3Init)
    TIM_OC3PolarityConfig                    0x08002ab1   Thumb Code    26  stm32f10x_tim.o(i.TIM_OC3PolarityConfig)
    TIM_OC3PreloadConfig                     0x08002acb   Thumb Code    18  stm32f10x_tim.o(i.TIM_OC3PreloadConfig)
    TIM_OC4Init                              0x08002add   Thumb Code   114  stm32f10x_tim.o(i.TIM_OC4Init)
    TIM_OC4PolarityConfig                    0x08002b59   Thumb Code    26  stm32f10x_tim.o(i.TIM_OC4PolarityConfig)
    TIM_OC4PreloadConfig                     0x08002b73   Thumb Code    26  stm32f10x_tim.o(i.TIM_OC4PreloadConfig)
    TIM_SetIC1Prescaler                      0x08002b8d   Thumb Code    18  stm32f10x_tim.o(i.TIM_SetIC1Prescaler)
    TIM_SetIC2Prescaler                      0x08002b9f   Thumb Code    26  stm32f10x_tim.o(i.TIM_SetIC2Prescaler)
    TIM_SetIC3Prescaler                      0x08002bb9   Thumb Code    18  stm32f10x_tim.o(i.TIM_SetIC3Prescaler)
    TIM_SetIC4Prescaler                      0x08002bcb   Thumb Code    26  stm32f10x_tim.o(i.TIM_SetIC4Prescaler)
    TIM_TimeBaseInit                         0x08002be5   Thumb Code   122  stm32f10x_tim.o(i.TIM_TimeBaseInit)
    TimingDelay_Decrement                    0x08002c89   Thumb Code    18  control.o(i.TimingDelay_Decrement)
    UART4_IRQHandler                         0x08002ca1   Thumb Code   116  usart.o(i.UART4_IRQHandler)
    UART5_IRQHandler                         0x08002d31   Thumb Code    60  usart.o(i.UART5_IRQHandler)
    USART1_Config                            0x08002d71   Thumb Code   134  usart.o(i.USART1_Config)
    USART1_IRQHandler                        0x08002e01   Thumb Code    46  usart.o(i.USART1_IRQHandler)
    USART2_Config                            0x08002e35   Thumb Code   162  usart.o(i.USART2_Config)
    USART2_IRQHandler                        0x08002ee1   Thumb Code    60  usart.o(i.USART2_IRQHandler)
    USART3_Config                            0x08002f21   Thumb Code   190  usart.o(i.USART3_Config)
    USART3_IRQHandler                        0x08002fed   Thumb Code   110  usart.o(i.USART3_IRQHandler)
    USART4_Config                            0x08003069   Thumb Code   170  usart.o(i.USART4_Config)
    USART5_Config                            0x0800311d   Thumb Code   156  usart.o(i.USART5_Config)
    USART_ClearFlag                          0x080031c5   Thumb Code    18  stm32f10x_usart.o(i.USART_ClearFlag)
    USART_Cmd                                0x080031d7   Thumb Code    24  stm32f10x_usart.o(i.USART_Cmd)
    USART_GetFlagStatus                      0x080031ef   Thumb Code    26  stm32f10x_usart.o(i.USART_GetFlagStatus)
    USART_GetITStatus                        0x08003209   Thumb Code    84  stm32f10x_usart.o(i.USART_GetITStatus)
    USART_ITConfig                           0x0800325d   Thumb Code    74  stm32f10x_usart.o(i.USART_ITConfig)
    USART_Init                               0x080032a9   Thumb Code   210  stm32f10x_usart.o(i.USART_Init)
    USART_ReceiveData                        0x08003381   Thumb Code    10  stm32f10x_usart.o(i.USART_ReceiveData)
    USART_SendData                           0x0800338b   Thumb Code     8  stm32f10x_usart.o(i.USART_SendData)
    UsageFault_Handler                       0x08003393   Thumb Code     4  stm32f10x_it.o(i.UsageFault_Handler)
    Usart4_SendByte                          0x08003399   Thumb Code    28  usart.o(i.Usart4_SendByte)
    Usart5_SendData                          0x080033b9   Thumb Code    54  usart.o(i.Usart5_SendData)
    WatchDog_Init                            0x080033f5   Thumb Code    32  watchdog.o(i.WatchDog_Init)
    __aeabi_errno_addr                       0x08003415   Thumb Code     4  errno.o(i.__aeabi_errno_addr)
    __rt_errno_addr                          0x08003415   Thumb Code     0  errno.o(i.__aeabi_errno_addr)
    __scatterload_copy                       0x0800341d   Thumb Code    14  handlers.o(i.__scatterload_copy)
    __scatterload_null                       0x0800342b   Thumb Code     2  handlers.o(i.__scatterload_null)
    __scatterload_zeroinit                   0x0800342d   Thumb Code    14  handlers.o(i.__scatterload_zeroinit)
    control                                  0x0800343d   Thumb Code   402  control.o(i.control)
    main                                     0x0800364f   Thumb Code    22  main.o(i.main)
    minmea_check                             0x08003665   Thumb Code   172  minmea.o(i.minmea_check)
    minmea_parse_gga                         0x0800373d   Thumb Code   116  minmea.o(i.minmea_parse_gga)
    minmea_parse_rmc                         0x080037c5   Thumb Code   134  minmea.o(i.minmea_parse_rmc)
    minmea_scan                              0x08003861   Thumb Code  1026  minmea.o(i.minmea_scan)
    minmea_sentence_id                       0x08003c69   Thumb Code   172  minmea.o(i.minmea_sentence_id)
    mode_choose_openmv                       0x08003d95   Thumb Code    34  control.o(i.mode_choose_openmv)
    trace_control                            0x08003dbd   Thumb Code   202  control.o(i.trace_control)
    __ctype_table                            0x08003eb8   Data         129  ctype_o.o(.constdata)
    Region$$Table$$Base                      0x08003f40   Number         0  anon$$obj.o(Region$$Table)
    Region$$Table$$Limit                     0x08003f60   Number         0  anon$$obj.o(Region$$Table)
    SystemCoreClock                          0x20000000   Data           4  system_stm32f10x.o(.data)
    AHBPrescTable                            0x20000004   Data          16  system_stm32f10x.o(.data)
    Velocity_KP                              0x20000028   Data           4  main.o(.data)
    Velocity_KI                              0x2000002c   Data           4  main.o(.data)
    Velocity_KD                              0x20000030   Data           4  main.o(.data)
    Encoder                                  0x20000034   Data           8  main.o(.data)
    Target                                   0x2000003c   Data           8  main.o(.data)
    stop_laser                               0x20000044   Data           1  main.o(.data)
    stop_motor                               0x20000045   Data           1  main.o(.data)
    velocity_data                            0x20000048   Data           8  main.o(.data)
    remote_channel_data                      0x20000050   Data           8  main.o(.data)
    empower_data                             0x20000058   Data           1  main.o(.data)
    locking_data                             0x20000059   Data           1  main.o(.data)
    stop_data                                0x2000005a   Data           1  main.o(.data)
    mode_data                                0x2000005b   Data           1  main.o(.data)
    behavior_data                            0x2000005c   Data           1  main.o(.data)
    behavior_params_data                     0x2000005d   Data           1  main.o(.data)
    cradle_pwm                               0x2000005e   Data           2  main.o(.data)
    TIM2_CH1_STATUS                          0x20000060   Data           2  main.o(.data)
    TIM2_CH2_STATUS                          0x20000062   Data           2  main.o(.data)
    TIM2_CH3_STATUS                          0x20000064   Data           2  main.o(.data)
    TIM2_CH4_STATUS                          0x20000066   Data           2  main.o(.data)
    TIM2_CH2_START_VALUE                     0x20000068   Data           2  main.o(.data)
    TIM2_CH2_END_VALUE                       0x2000006a   Data           2  main.o(.data)
    TIM2_CH1_START_VALUE                     0x2000006c   Data           2  main.o(.data)
    TIM2_CH1_END_VALUE                       0x2000006e   Data           2  main.o(.data)
    TIM2_CH3_START_VALUE                     0x20000070   Data           2  main.o(.data)
    TIM2_CH3_END_VALUE                       0x20000072   Data           2  main.o(.data)
    TIM2_CH4_START_VALUE                     0x20000074   Data           2  main.o(.data)
    TIM2_CH4_END_VALUE                       0x20000076   Data           2  main.o(.data)
    gps_updated                              0x20000078   Data           1  main.o(.data)
    imu_updated                              0x20000079   Data           1  main.o(.data)
    velocity_updated                         0x2000007a   Data           1  main.o(.data)
    servo_pwm_updated                        0x2000007b   Data           1  main.o(.data)
    gps_initialized                          0x2000007c   Data           4  main.o(.data)
    laser_set                                0x20000080   Data           1  main.o(.data)
    last_laser_set                           0x20000081   Data           1  main.o(.data)
    trace_pot_x                              0x20000088   Data           1  control.o(.data)
    trace_pot_y                              0x20000089   Data           1  control.o(.data)
    trace_error_ori                          0x2000008c   Data           4  control.o(.data)
    trace_error_last                         0x20000090   Data           4  control.o(.data)
    trace_error                              0x20000094   Data           4  control.o(.data)
    trace_stop_flag                          0x20000098   Data           1  control.o(.data)
    temp1                                    0x200000bc   Data           1  exti.o(.data)
    temp2                                    0x200000bd   Data           1  exti.o(.data)
    temp3                                    0x200000be   Data           1  exti.o(.data)
    stcTime                                  0x200000c0   Data           8  imu.o(.data)
    stcAcc                                   0x200000c8   Data           8  imu.o(.data)
    stcGyro                                  0x200000d0   Data           8  imu.o(.data)
    stcAngle                                 0x200000d8   Data           8  imu.o(.data)
    stcMag                                   0x200000e0   Data           8  imu.o(.data)
    stcDStatus                               0x200000e8   Data           8  imu.o(.data)
    stcPress                                 0x200000f0   Data           8  imu.o(.data)
    stcLonLat                                0x200000f8   Data           8  imu.o(.data)
    stcGPSV                                  0x20000100   Data           8  imu.o(.data)
    stcQ                                     0x20000108   Data           8  imu.o(.data)
    line_length                              0x20000112   Data           1  usart.o(.data)
    Pos                                      0x20000113   Data           1  usart.o(.data)
    openmv_rx                                0x20000114   Data           4  usart.o(.data)
    trace_rx                                 0x20000118   Data           3  usart.o(.data)
    wait_for_translate                       0x2000011b   Data           1  data_transmission.o(.data)
    imu_data                                 0x20000124   Data          24  main.o(.bss)
    gps_data                                 0x2000013c   Data          12  main.o(.bss)
    gps_line                                 0x20000342   Data          80  usart.o(.bss)
    tx_buffer_                               0x20000392   Data         128  data_transmission.o(.bss)
    __initial_sp                             0x20000848   Data           0  startup_stm32f10x_hd.o(STACK)



==============================================================================

Memory Map of the image

  Image Entry point : 0x08000131

  Load Region LR_IROM1 (Base: 0x08000000, Size: 0x00004084, Max: 0x00080000, ABSOLUTE)

    Execution Region ER_IROM1 (Exec base: 0x08000000, Load base: 0x08000000, Size: 0x00003f60, Max: 0x00080000, ABSOLUTE)

    Exec Addr    Load Addr    Size         Type   Attr      Idx    E Section Name        Object

    0x08000000   0x08000000   0x00000130   Data   RO            3    RESET               startup_stm32f10x_hd.o
    0x08000130   0x08000130   0x00000000   Code   RO         4146  * .ARM.Collect$$$$00000000  mc_w.l(entry.o)
    0x08000130   0x08000130   0x00000004   Code   RO         4224    .ARM.Collect$$$$00000001  mc_w.l(entry2.o)
    0x08000134   0x08000134   0x00000004   Code   RO         4227    .ARM.Collect$$$$00000004  mc_w.l(entry5.o)
    0x08000138   0x08000138   0x00000000   Code   RO         4229    .ARM.Collect$$$$00000008  mc_w.l(entry7b.o)
    0x08000138   0x08000138   0x00000000   Code   RO         4231    .ARM.Collect$$$$0000000A  mc_w.l(entry8b.o)
    0x08000138   0x08000138   0x00000008   Code   RO         4232    .ARM.Collect$$$$0000000B  mc_w.l(entry9a.o)
    0x08000140   0x08000140   0x00000000   Code   RO         4234    .ARM.Collect$$$$0000000D  mc_w.l(entry10a.o)
    0x08000140   0x08000140   0x00000000   Code   RO         4236    .ARM.Collect$$$$0000000F  mc_w.l(entry11a.o)
    0x08000140   0x08000140   0x00000004   Code   RO         4225    .ARM.Collect$$$$00002712  mc_w.l(entry2.o)
    0x08000144   0x08000144   0x00000024   Code   RO            4    .text               startup_stm32f10x_hd.o
    0x08000168   0x08000168   0x00000008   Code   RO         4149    .text               mc_w.l(ctype_o.o)
    0x08000170   0x08000170   0x00000024   Code   RO         4180    .text               mc_w.l(memcpya.o)
    0x08000194   0x08000194   0x0000000e   Code   RO         4184    .text               mc_w.l(strlen.o)
    0x080001a2   0x080001a2   0x0000001c   Code   RO         4186    .text               mc_w.l(strcmp.o)
    0x080001be   0x080001be   0x00000070   Code   RO         4190    .text               mc_w.l(strtol.o)
    0x0800022e   0x0800022e   0x000000b0   Code   RO         4192    .text               mf_w.l(fadd.o)
    0x080002de   0x080002de   0x00000064   Code   RO         4194    .text               mf_w.l(fmul.o)
    0x08000342   0x08000342   0x0000007c   Code   RO         4196    .text               mf_w.l(fdiv.o)
    0x080003be   0x080003be   0x0000014e   Code   RO         4198    .text               mf_w.l(dadd.o)
    0x0800050c   0x0800050c   0x000000e4   Code   RO         4200    .text               mf_w.l(dmul.o)
    0x080005f0   0x080005f0   0x000000de   Code   RO         4202    .text               mf_w.l(ddiv.o)
    0x080006ce   0x080006ce   0x00000012   Code   RO         4204    .text               mf_w.l(fflti.o)
    0x080006e0   0x080006e0   0x00000022   Code   RO         4208    .text               mf_w.l(dflti.o)
    0x08000702   0x08000702   0x00000032   Code   RO         4210    .text               mf_w.l(ffixi.o)
    0x08000734   0x08000734   0x0000003e   Code   RO         4214    .text               mf_w.l(dfixi.o)
    0x08000772   0x08000772   0x00000026   Code   RO         4216    .text               mf_w.l(f2d.o)
    0x08000798   0x08000798   0x00000030   Code   RO         4218    .text               mf_w.l(cdcmple.o)
    0x080007c8   0x080007c8   0x00000030   Code   RO         4220    .text               mf_w.l(cdrcmple.o)
    0x080007f8   0x080007f8   0x00000038   Code   RO         4222    .text               mf_w.l(d2f.o)
    0x08000830   0x08000830   0x0000001e   Code   RO         4238    .text               mc_w.l(llshl.o)
    0x0800084e   0x0800084e   0x00000020   Code   RO         4240    .text               mc_w.l(llushr.o)
    0x0800086e   0x0800086e   0x00000024   Code   RO         4242    .text               mc_w.l(llsshr.o)
    0x08000892   0x08000892   0x0000009e   Code   RO         4257    .text               mc_w.l(_strtoul.o)
    0x08000930   0x08000930   0x00000000   Code   RO         4259    .text               mc_w.l(iusefp.o)
    0x08000930   0x08000930   0x0000006e   Code   RO         4260    .text               mf_w.l(fepilogue.o)
    0x0800099e   0x0800099e   0x000000ba   Code   RO         4262    .text               mf_w.l(depilogue.o)
    0x08000a58   0x08000a58   0x00000024   Code   RO         4264    .text               mc_w.l(init.o)
    0x08000a7c   0x08000a7c   0x0000001c   Code   RO         4266    .text               mc_w.l(_chval.o)
    0x08000a98   0x08000a98   0x00000098   Code   RO         3735    i.AnalysisGPS       gps.o
    0x08000b30   0x08000b30   0x00000004   Code   RO         3176    i.BusFault_Handler  stm32f10x_it.o
    0x08000b34   0x08000b34   0x000001c0   Code   RO         3759    i.CopeSerial2Data_1  imu.o
    0x08000cf4   0x08000cf4   0x00000006   Code   RO         3967    i.DT_BehaviorParams_Parse  data_transmission.o
    0x08000cfa   0x08000cfa   0x00000006   Code   RO         3968    i.DT_Behavior_Parse  data_transmission.o
    0x08000d00   0x08000d00   0x000000e0   Code   RO         3970    i.DT_Data_Receive_Anl  data_transmission.o
    0x08000de0   0x08000de0   0x000000e8   Code   RO         3971    i.DT_Data_Receive_Prepare  data_transmission.o
    0x08000ec8   0x08000ec8   0x00000006   Code   RO         3972    i.DT_Empower_Parse  data_transmission.o
    0x08000ece   0x08000ece   0x0000000e   Code   RO         3973    i.DT_Gps_Parse      data_transmission.o
    0x08000edc   0x08000edc   0x00000012   Code   RO         3974    i.DT_Imu_Parse      data_transmission.o
    0x08000eee   0x08000eee   0x00000006   Code   RO         3975    i.DT_Mode_Parse     data_transmission.o
    0x08000ef4   0x08000ef4   0x00000010   Code   RO         3977    i.DT_Send_Data      data_transmission.o
    0x08000f04   0x08000f04   0x00000050   Code   RO         3978    i.DT_Send_Gps       data_transmission.o
    0x08000f54   0x08000f54   0x00000050   Code   RO         3979    i.DT_Send_Imu       data_transmission.o
    0x08000fa4   0x08000fa4   0x00000050   Code   RO         3980    i.DT_Send_Locking   data_transmission.o
    0x08000ff4   0x08000ff4   0x00000050   Code   RO         3981    i.DT_Send_RemoteChannel  data_transmission.o
    0x08001044   0x08001044   0x00000006   Code   RO         3983    i.DT_Stop_Parse     data_transmission.o
    0x0800104a   0x0800104a   0x00000002   PAD
    0x0800104c   0x0800104c   0x00000014   Code   RO         3984    i.DT_Velocity_Parse  data_transmission.o
    0x08001060   0x08001060   0x00000002   Code   RO         3177    i.DebugMon_Handler  stm32f10x_it.o
    0x08001062   0x08001062   0x00000010   Code   RO         3443    i.EXTI0_IRQHandler  exti.o
    0x08001072   0x08001072   0x00000014   Code   RO         3444    i.EXTI15_10_IRQHandler  exti.o
    0x08001086   0x08001086   0x00000002   PAD
    0x08001088   0x08001088   0x00000018   Code   RO         3445    i.EXTI1_IRQHandler  exti.o
    0x080010a0   0x080010a0   0x00000018   Code   RO         3446    i.EXTI2_IRQHandler  exti.o
    0x080010b8   0x080010b8   0x0000000c   Code   RO          939    i.EXTI_ClearITPendingBit  stm32f10x_exti.o
    0x080010c4   0x080010c4   0x00000018   Code   RO          942    i.EXTI_GetFlagStatus  stm32f10x_exti.o
    0x080010dc   0x080010dc   0x00000116   Code   RO         1292    i.GPIO_Init         stm32f10x_gpio.o
    0x080011f2   0x080011f2   0x00000002   PAD
    0x080011f4   0x080011f4   0x00000090   Code   RO         1294    i.GPIO_PinRemapConfig  stm32f10x_gpio.o
    0x08001284   0x08001284   0x00000004   Code   RO         1299    i.GPIO_ResetBits    stm32f10x_gpio.o
    0x08001288   0x08001288   0x00000004   Code   RO         3178    i.HardFault_Handler  stm32f10x_it.o
    0x0800128c   0x0800128c   0x00000010   Code   RO         1604    i.IWDG_Enable       stm32f10x_iwdg.o
    0x0800129c   0x0800129c   0x00000010   Code   RO         1606    i.IWDG_ReloadCounter  stm32f10x_iwdg.o
    0x080012ac   0x080012ac   0x0000000c   Code   RO         1607    i.IWDG_SetPrescaler  stm32f10x_iwdg.o
    0x080012b8   0x080012b8   0x0000000c   Code   RO         1608    i.IWDG_SetReload    stm32f10x_iwdg.o
    0x080012c4   0x080012c4   0x0000000c   Code   RO         1609    i.IWDG_WriteAccessCmd  stm32f10x_iwdg.o
    0x080012d0   0x080012d0   0x000000f0   Code   RO         3398    i.Init              sys.o
    0x080013c0   0x080013c0   0x0000004c   Code   RO         3955    i.LED_GPIO_Config   led.o
    0x0800140c   0x0800140c   0x00000048   Code   RO         4085    i.LaserControl      laser.o
    0x08001454   0x08001454   0x00000070   Code   RO         3300    i.LaserInit         control.o
    0x080014c4   0x080014c4   0x000000b8   Code   RO         4086    i.Laser_Init        laser.o
    0x0800157c   0x0800157c   0x0000007a   Code   RO         3301    i.LimitPwm          control.o
    0x080015f6   0x080015f6   0x00000004   Code   RO         3179    i.MemManage_Handler  stm32f10x_it.o
    0x080015fa   0x080015fa   0x00000002   PAD
    0x080015fc   0x080015fc   0x00000050   Code   RO         3302    i.MotorInit         control.o
    0x0800164c   0x0800164c   0x00000002   Code   RO         3180    i.NMI_Handler       stm32f10x_it.o
    0x0800164e   0x0800164e   0x00000024   Code   RO         3796    i.NVIC_Configuration  usart.o
    0x08001672   0x08001672   0x00000002   PAD
    0x08001674   0x08001674   0x00000070   Code   RO          137    i.NVIC_Init         misc.o
    0x080016e4   0x080016e4   0x00000014   Code   RO          138    i.NVIC_PriorityGroupConfig  misc.o
    0x080016f8   0x080016f8   0x00000002   Code   RO         3181    i.PendSV_Handler    stm32f10x_it.o
    0x080016fa   0x080016fa   0x00000002   PAD
    0x080016fc   0x080016fc   0x0000005c   Code   RO         3303    i.PwmApplicate      control.o
    0x08001758   0x08001758   0x000000e4   Code   RO         3413    i.PwmInit           motor.o
    0x0800183c   0x0800183c   0x00000034   Code   RO         3414    i.PwmSet            motor.o
    0x08001870   0x08001870   0x00000020   Code   RO         1708    i.RCC_APB1PeriphClockCmd  stm32f10x_rcc.o
    0x08001890   0x08001890   0x00000020   Code   RO         1709    i.RCC_APB1PeriphResetCmd  stm32f10x_rcc.o
    0x080018b0   0x080018b0   0x00000020   Code   RO         1710    i.RCC_APB2PeriphClockCmd  stm32f10x_rcc.o
    0x080018d0   0x080018d0   0x00000020   Code   RO         1711    i.RCC_APB2PeriphResetCmd  stm32f10x_rcc.o
    0x080018f0   0x080018f0   0x000000d4   Code   RO         1718    i.RCC_GetClocksFreq  stm32f10x_rcc.o
    0x080019c4   0x080019c4   0x00000002   Code   RO         3182    i.SVC_Handler       stm32f10x_it.o
    0x080019c6   0x080019c6   0x00000002   PAD
    0x080019c8   0x080019c8   0x000000d8   Code   RO         3416    i.Servo_Pwm_Init    motor.o
    0x08001aa0   0x08001aa0   0x00000008   Code   RO           24    i.SetSysClock       system_stm32f10x.o
    0x08001aa8   0x08001aa8   0x000000e0   Code   RO           25    i.SetSysClockTo72   system_stm32f10x.o
    0x08001b88   0x08001b88   0x0000006c   Code   RO         3305    i.SpeedAnalyze      control.o
    0x08001bf4   0x08001bf4   0x00000008   Code   RO         3183    i.SysTick_Handler   stm32f10x_it.o
    0x08001bfc   0x08001bfc   0x00000078   Code   RO         3306    i.SysTick_Init      control.o
    0x08001c74   0x08001c74   0x00000060   Code   RO           27    i.SystemInit        system_stm32f10x.o
    0x08001cd4   0x08001cd4   0x00000080   Code   RO         2326    i.TI1_Config        stm32f10x_tim.o
    0x08001d54   0x08001d54   0x00000098   Code   RO         2327    i.TI2_Config        stm32f10x_tim.o
    0x08001dec   0x08001dec   0x00000090   Code   RO         2328    i.TI3_Config        stm32f10x_tim.o
    0x08001e7c   0x08001e7c   0x00000098   Code   RO         2329    i.TI4_Config        stm32f10x_tim.o
    0x08001f14   0x08001f14   0x000001f0   Code   RO         4109    i.TIM2_4channel_process  input_capture.o
    0x08002104   0x08002104   0x0000013c   Code   RO         4110    i.TIM2_Capture_Init  input_capture.o
    0x08002240   0x08002240   0x000002ec   Code   RO         4111    i.TIM2_IRQHandler   input_capture.o
    0x0800252c   0x0800252c   0x00000018   Code   RO         3249    i.TIM4_IRQHandler   encoder.o
    0x08002544   0x08002544   0x00000018   Code   RO         2330    i.TIM_ARRPreloadConfig  stm32f10x_tim.o
    0x0800255c   0x0800255c   0x00000006   Code   RO         2337    i.TIM_ClearITPendingBit  stm32f10x_tim.o
    0x08002562   0x08002562   0x00000018   Code   RO         2342    i.TIM_Cmd           stm32f10x_tim.o
    0x0800257a   0x0800257a   0x0000001e   Code   RO         2344    i.TIM_CtrlPWMOutputs  stm32f10x_tim.o
    0x08002598   0x08002598   0x000001e8   Code   RO         2347    i.TIM_DeInit        stm32f10x_tim.o
    0x08002780   0x08002780   0x00000006   Code   RO         2357    i.TIM_GetCapture1   stm32f10x_tim.o
    0x08002786   0x08002786   0x00000006   Code   RO         2358    i.TIM_GetCapture2   stm32f10x_tim.o
    0x0800278c   0x0800278c   0x00000006   Code   RO         2359    i.TIM_GetCapture3   stm32f10x_tim.o
    0x08002792   0x08002792   0x00000008   Code   RO         2360    i.TIM_GetCapture4   stm32f10x_tim.o
    0x0800279a   0x0800279a   0x00000022   Code   RO         2363    i.TIM_GetITStatus   stm32f10x_tim.o
    0x080027bc   0x080027bc   0x000000ac   Code   RO         2365    i.TIM_ICInit        stm32f10x_tim.o
    0x08002868   0x08002868   0x00000012   Code   RO         2367    i.TIM_ITConfig      stm32f10x_tim.o
    0x0800287a   0x0800287a   0x00000002   PAD
    0x0800287c   0x0800287c   0x00000098   Code   RO         2371    i.TIM_OC1Init       stm32f10x_tim.o
    0x08002914   0x08002914   0x00000012   Code   RO         2373    i.TIM_OC1PolarityConfig  stm32f10x_tim.o
    0x08002926   0x08002926   0x00000012   Code   RO         2374    i.TIM_OC1PreloadConfig  stm32f10x_tim.o
    0x08002938   0x08002938   0x000000a4   Code   RO         2376    i.TIM_OC2Init       stm32f10x_tim.o
    0x080029dc   0x080029dc   0x0000001a   Code   RO         2378    i.TIM_OC2PolarityConfig  stm32f10x_tim.o
    0x080029f6   0x080029f6   0x0000001a   Code   RO         2379    i.TIM_OC2PreloadConfig  stm32f10x_tim.o
    0x08002a10   0x08002a10   0x000000a0   Code   RO         2381    i.TIM_OC3Init       stm32f10x_tim.o
    0x08002ab0   0x08002ab0   0x0000001a   Code   RO         2383    i.TIM_OC3PolarityConfig  stm32f10x_tim.o
    0x08002aca   0x08002aca   0x00000012   Code   RO         2384    i.TIM_OC3PreloadConfig  stm32f10x_tim.o
    0x08002adc   0x08002adc   0x0000007c   Code   RO         2386    i.TIM_OC4Init       stm32f10x_tim.o
    0x08002b58   0x08002b58   0x0000001a   Code   RO         2387    i.TIM_OC4PolarityConfig  stm32f10x_tim.o
    0x08002b72   0x08002b72   0x0000001a   Code   RO         2388    i.TIM_OC4PreloadConfig  stm32f10x_tim.o
    0x08002b8c   0x08002b8c   0x00000012   Code   RO         2408    i.TIM_SetIC1Prescaler  stm32f10x_tim.o
    0x08002b9e   0x08002b9e   0x0000001a   Code   RO         2409    i.TIM_SetIC2Prescaler  stm32f10x_tim.o
    0x08002bb8   0x08002bb8   0x00000012   Code   RO         2410    i.TIM_SetIC3Prescaler  stm32f10x_tim.o
    0x08002bca   0x08002bca   0x0000001a   Code   RO         2411    i.TIM_SetIC4Prescaler  stm32f10x_tim.o
    0x08002be4   0x08002be4   0x000000a4   Code   RO         2413    i.TIM_TimeBaseInit  stm32f10x_tim.o
    0x08002c88   0x08002c88   0x00000018   Code   RO         3307    i.TimingDelay_Decrement  control.o
    0x08002ca0   0x08002ca0   0x00000090   Code   RO         3797    i.UART4_IRQHandler  usart.o
    0x08002d30   0x08002d30   0x00000040   Code   RO         3798    i.UART5_IRQHandler  usart.o
    0x08002d70   0x08002d70   0x00000090   Code   RO         3799    i.USART1_Config     usart.o
    0x08002e00   0x08002e00   0x00000034   Code   RO         3800    i.USART1_IRQHandler  usart.o
    0x08002e34   0x08002e34   0x000000ac   Code   RO         3801    i.USART2_Config     usart.o
    0x08002ee0   0x08002ee0   0x00000040   Code   RO         3802    i.USART2_IRQHandler  usart.o
    0x08002f20   0x08002f20   0x000000cc   Code   RO         3803    i.USART3_Config     usart.o
    0x08002fec   0x08002fec   0x0000007c   Code   RO         3804    i.USART3_IRQHandler  usart.o
    0x08003068   0x08003068   0x000000b4   Code   RO         3805    i.USART4_Config     usart.o
    0x0800311c   0x0800311c   0x000000a8   Code   RO         3806    i.USART5_Config     usart.o
    0x080031c4   0x080031c4   0x00000012   Code   RO         2874    i.USART_ClearFlag   stm32f10x_usart.o
    0x080031d6   0x080031d6   0x00000018   Code   RO         2878    i.USART_Cmd         stm32f10x_usart.o
    0x080031ee   0x080031ee   0x0000001a   Code   RO         2881    i.USART_GetFlagStatus  stm32f10x_usart.o
    0x08003208   0x08003208   0x00000054   Code   RO         2882    i.USART_GetITStatus  stm32f10x_usart.o
    0x0800325c   0x0800325c   0x0000004a   Code   RO         2884    i.USART_ITConfig    stm32f10x_usart.o
    0x080032a6   0x080032a6   0x00000002   PAD
    0x080032a8   0x080032a8   0x000000d8   Code   RO         2885    i.USART_Init        stm32f10x_usart.o
    0x08003380   0x08003380   0x0000000a   Code   RO         2892    i.USART_ReceiveData  stm32f10x_usart.o
    0x0800338a   0x0800338a   0x00000008   Code   RO         2895    i.USART_SendData    stm32f10x_usart.o
    0x08003392   0x08003392   0x00000004   Code   RO         3184    i.UsageFault_Handler  stm32f10x_it.o
    0x08003396   0x08003396   0x00000002   PAD
    0x08003398   0x08003398   0x00000020   Code   RO         3813    i.Usart4_SendByte   usart.o
    0x080033b8   0x080033b8   0x0000003c   Code   RO         3817    i.Usart5_SendData   usart.o
    0x080033f4   0x080033f4   0x00000020   Code   RO         4134    i.WatchDog_Init     watchdog.o
    0x08003414   0x08003414   0x00000008   Code   RO         4250    i.__aeabi_errno_addr  mc_w.l(errno.o)
    0x0800341c   0x0800341c   0x0000000e   Code   RO         4270    i.__scatterload_copy  mc_w.l(handlers.o)
    0x0800342a   0x0800342a   0x00000002   Code   RO         4271    i.__scatterload_null  mc_w.l(handlers.o)
    0x0800342c   0x0800342c   0x0000000e   Code   RO         4272    i.__scatterload_zeroinit  mc_w.l(handlers.o)
    0x0800343a   0x0800343a   0x00000002   PAD
    0x0800343c   0x0800343c   0x000001e0   Code   RO         3308    i.control           control.o
    0x0800361c   0x0800361c   0x00000032   Code   RO         3607    i.hex2int           minmea.o
    0x0800364e   0x0800364e   0x00000016   Code   RO         3108    i.main              main.o
    0x08003664   0x08003664   0x000000b4   Code   RO         3608    i.minmea_check      minmea.o
    0x08003718   0x08003718   0x00000022   Code   RO         3611    i.minmea_isfield    minmea.o
    0x0800373a   0x0800373a   0x00000002   PAD
    0x0800373c   0x0800373c   0x00000088   Code   RO         3612    i.minmea_parse_gga  minmea.o
    0x080037c4   0x080037c4   0x0000009c   Code   RO         3617    i.minmea_parse_rmc  minmea.o
    0x08003860   0x08003860   0x00000408   Code   RO         3620    i.minmea_scan       minmea.o
    0x08003c68   0x08003c68   0x000000d0   Code   RO         3621    i.minmea_sentence_id  minmea.o
    0x08003d38   0x08003d38   0x0000005c   Code   RO         3736    i.minmea_tocoord    gps.o
    0x08003d94   0x08003d94   0x00000028   Code   RO         3309    i.mode_choose_openmv  control.o
    0x08003dbc   0x08003dbc   0x000000fc   Code   RO         3310    i.trace_control     control.o
    0x08003eb8   0x08003eb8   0x00000081   Data   RO         4150    .constdata          mc_w.l(ctype_o.o)
    0x08003f39   0x08003f39   0x00000003   PAD
    0x08003f3c   0x08003f3c   0x00000004   Data   RO         4151    .constdata          mc_w.l(ctype_o.o)
    0x08003f40   0x08003f40   0x00000020   Data   RO         4268    Region$$Table       anon$$obj.o


    Execution Region RW_IRAM1 (Exec base: 0x20000000, Load base: 0x08003f60, Size: 0x00000848, Max: 0x00010000, ABSOLUTE)

    Exec Addr    Load Addr    Size         Type   Attr      Idx    E Section Name        Object

    0x20000000   0x08003f60   0x00000014   Data   RW           28    .data               system_stm32f10x.o
    0x20000014   0x08003f74   0x00000014   Data   RW         1738    .data               stm32f10x_rcc.o
    0x20000028   0x08003f88   0x0000005a   Data   RW         3110    .data               main.o
    0x20000082   0x08003fe2   0x00000002   PAD
    0x20000084   0x08003fe4   0x00000038   Data   RW         3311    .data               control.o
    0x200000bc   0x0800401c   0x00000003   Data   RW         3453    .data               exti.o
    0x200000bf   0x0800401f   0x00000001   PAD
    0x200000c0   0x08004020   0x00000052   Data   RW         3761    .data               imu.o
    0x20000112   0x08004072   0x00000009   Data   RW         3822    .data               usart.o
    0x2000011b   0x0800407b   0x00000004   Data   RW         3986    .data               data_transmission.o
    0x2000011f   0x0800407f   0x00000001   PAD
    0x20000120   0x08004080   0x00000004   Data   RW         4253    .data               mc_w.l(errno.o)
    0x20000124        -       0x00000024   Zero   RW         3109    .bss                main.o
    0x20000148        -       0x000001fa   Zero   RW         3760    .bss                imu.o
    0x20000342        -       0x00000050   Zero   RW         3821    .bss                usart.o
    0x20000392        -       0x000000b2   Zero   RW         3985    .bss                data_transmission.o
    0x20000444   0x08004084   0x00000004   PAD
    0x20000448        -       0x00000400   Zero   RW            1    STACK               startup_stm32f10x_hd.o


==============================================================================

Image component sizes


      Code (inc. data)   RO Data    RW Data    ZI Data      Debug   Object Name

      1430        176          0         56          0      23151   control.o
         0          0          0          0          0       4524   core_cm3.o
       874         70          0          4        178      10472   data_transmission.o
        24          6          0          0          0       3066   encoder.o
        84          8          0          3          0       4736   exti.o
       244         14          0          0          0       4098   gps.o
       448         44          0         82        506       3534   imu.o
      1560        108          0          0          0       2510   input_capture.o
       256         22          0          0          0       1216   laser.o
        76          4          0          0          0        510   led.o
        22          0          0         90         36      19805   main.o
      1796         92          0          0          0      12064   minmea.o
       132         22          0          0          0       1543   misc.o
       496         26          0          0          0       1880   motor.o
        36          8        304          0       1024        848   startup_stm32f10x_hd.o
        36         10          0          0          0       1106   stm32f10x_exti.o
       426          6          0          0          0       3343   stm32f10x_gpio.o
        32          0          0          0          0       3910   stm32f10x_it.o
        68         30          0          0          0       2470   stm32f10x_iwdg.o
       340         44          0         20          0       5592   stm32f10x_rcc.o
      2434        264          0          0          0      21224   stm32f10x_tim.o
       460          6          0          0          0       6731   stm32f10x_usart.o
       240         66          0          0          0        543   sys.o
       328         28          0         20          0     250693   system_stm32f10x.o
      1444        122          0          9         80       8688   usart.o
        32          0          0          0          0        456   watchdog.o

    ----------------------------------------------------------------------
     13340       1176        336        288       1828     398713   Object Totals
         0          0         32          0          0          0   (incl. Generated)
        22          0          0          4          4          0   (incl. Padding)

    ----------------------------------------------------------------------

      Code (inc. data)   RO Data    RW Data    ZI Data      Debug   Library Member Name

        28          0          0          0          0         68   _chval.o
       158          0          0          0          0         92   _strtoul.o
         8          4        133          0          0         68   ctype_o.o
         0          0          0          0          0          0   entry.o
         0          0          0          0          0          0   entry10a.o
         0          0          0          0          0          0   entry11a.o
         8          4          0          0          0          0   entry2.o
         4          0          0          0          0          0   entry5.o
         0          0          0          0          0          0   entry7b.o
         0          0          0          0          0          0   entry8b.o
         8          4          0          0          0          0   entry9a.o
         8          4          0          4          0         68   errno.o
        30          0          0          0          0          0   handlers.o
        36          8          0          0          0         68   init.o
         0          0          0          0          0          0   iusefp.o
        30          0          0          0          0         68   llshl.o
        36          0          0          0          0         68   llsshr.o
        32          0          0          0          0         68   llushr.o
        36          0          0          0          0         68   memcpya.o
        28          0          0          0          0         76   strcmp.o
        14          0          0          0          0         68   strlen.o
       112          0          0          0          0         88   strtol.o
        48          0          0          0          0         68   cdcmple.o
        48          0          0          0          0         68   cdrcmple.o
        56          0          0          0          0         88   d2f.o
       334          0          0          0          0        148   dadd.o
       222          0          0          0          0        100   ddiv.o
       186          0          0          0          0        176   depilogue.o
        62          0          0          0          0         80   dfixi.o
        34          0          0          0          0         76   dflti.o
       228          0          0          0          0         96   dmul.o
        38          0          0          0          0         68   f2d.o
       176          0          0          0          0        140   fadd.o
       124          0          0          0          0         88   fdiv.o
       110          0          0          0          0        168   fepilogue.o
        50          0          0          0          0         68   ffixi.o
        18          0          0          0          0         68   fflti.o
       100          0          0          0          0         76   fmul.o

    ----------------------------------------------------------------------
      2412         24        136          4          0       2444   Library Totals
         2          0          3          0          0          0   (incl. Padding)

    ----------------------------------------------------------------------

      Code (inc. data)   RO Data    RW Data    ZI Data      Debug   Library Name

       576         24        133          4          0        868   mc_w.l
      1834          0          0          0          0       1576   mf_w.l

    ----------------------------------------------------------------------
      2412         24        136          4          0       2444   Library Totals

    ----------------------------------------------------------------------

==============================================================================


      Code (inc. data)   RO Data    RW Data    ZI Data      Debug   

     15752       1200        472        292       1828     393197   Grand Totals
     15752       1200        472        292       1828     393197   ELF Image Totals
     15752       1200        472        292          0          0   ROM Totals

==============================================================================

    Total RO  Size (Code + RO Data)                16224 (  15.84kB)
    Total RW  Size (RW Data + ZI Data)              2120 (   2.07kB)
    Total ROM Size (Code + RO Data + RW Data)      16516 (  16.13kB)

==============================================================================

